Archive member included to satisfy reference by file (symbol)

c:/intelfpga_lite/16.1/nios2eds/bin/gnu/h-x86_64-mingw32/bin/../lib/gcc/nios2-elf/5.3.0\libgcc.a(_fixunssfsi.o)
                              obj/default/driver/Steering.o (__fixunssfsi)
c:/intelfpga_lite/16.1/nios2eds/bin/gnu/h-x86_64-mingw32/bin/../lib/gcc/nios2-elf/5.3.0\libgcc.a(_fixunsdfsi.o)
                              obj/default/tasks/tasks_nios.o (__fixunsdfsi)
c:/intelfpga_lite/16.1/nios2eds/bin/gnu/h-x86_64-mingw32/bin/../lib/gcc/nios2-elf/5.3.0\libgcc.a(lib2-divmod.o)
                              obj/default/driver/Display.o (__divsi3)
c:/intelfpga_lite/16.1/nios2eds/bin/gnu/h-x86_64-mingw32/bin/../lib/gcc/nios2-elf/5.3.0\libgcc.a(divsf3.o)
                              obj/default/driver/Steering.o (__divsf3)
c:/intelfpga_lite/16.1/nios2eds/bin/gnu/h-x86_64-mingw32/bin/../lib/gcc/nios2-elf/5.3.0\libgcc.a(gesf2.o)
                              c:/intelfpga_lite/16.1/nios2eds/bin/gnu/h-x86_64-mingw32/bin/../lib/gcc/nios2-elf/5.3.0\libgcc.a(_fixunssfsi.o) (__gesf2)
c:/intelfpga_lite/16.1/nios2eds/bin/gnu/h-x86_64-mingw32/bin/../lib/gcc/nios2-elf/5.3.0\libgcc.a(mulsf3.o)
                              obj/default/driver/Steering.o (__mulsf3)
c:/intelfpga_lite/16.1/nios2eds/bin/gnu/h-x86_64-mingw32/bin/../lib/gcc/nios2-elf/5.3.0\libgcc.a(subsf3.o)
                              obj/default/driver/Steering.o (__subsf3)
c:/intelfpga_lite/16.1/nios2eds/bin/gnu/h-x86_64-mingw32/bin/../lib/gcc/nios2-elf/5.3.0\libgcc.a(fixsfsi.o)
                              c:/intelfpga_lite/16.1/nios2eds/bin/gnu/h-x86_64-mingw32/bin/../lib/gcc/nios2-elf/5.3.0\libgcc.a(_fixunssfsi.o) (__fixsfsi)
c:/intelfpga_lite/16.1/nios2eds/bin/gnu/h-x86_64-mingw32/bin/../lib/gcc/nios2-elf/5.3.0\libgcc.a(floatsisf.o)
                              obj/default/driver/Steering.o (__floatsisf)
c:/intelfpga_lite/16.1/nios2eds/bin/gnu/h-x86_64-mingw32/bin/../lib/gcc/nios2-elf/5.3.0\libgcc.a(floatunsisf.o)
                              obj/default/driver/Steering.o (__floatunsisf)
c:/intelfpga_lite/16.1/nios2eds/bin/gnu/h-x86_64-mingw32/bin/../lib/gcc/nios2-elf/5.3.0\libgcc.a(adddf3.o)
                              obj/default/driver/mpu6050.o (__adddf3)
c:/intelfpga_lite/16.1/nios2eds/bin/gnu/h-x86_64-mingw32/bin/../lib/gcc/nios2-elf/5.3.0\libgcc.a(divdf3.o)
                              obj/default/tasks/tasks_nios.o (__divdf3)
c:/intelfpga_lite/16.1/nios2eds/bin/gnu/h-x86_64-mingw32/bin/../lib/gcc/nios2-elf/5.3.0\libgcc.a(gedf2.o)
                              c:/intelfpga_lite/16.1/nios2eds/bin/gnu/h-x86_64-mingw32/bin/../lib/gcc/nios2-elf/5.3.0\libgcc.a(_fixunsdfsi.o) (__gedf2)
c:/intelfpga_lite/16.1/nios2eds/bin/gnu/h-x86_64-mingw32/bin/../lib/gcc/nios2-elf/5.3.0\libgcc.a(muldf3.o)
                              obj/default/driver/Steering.o (__muldf3)
c:/intelfpga_lite/16.1/nios2eds/bin/gnu/h-x86_64-mingw32/bin/../lib/gcc/nios2-elf/5.3.0\libgcc.a(subdf3.o)
                              c:/intelfpga_lite/16.1/nios2eds/bin/gnu/h-x86_64-mingw32/bin/../lib/gcc/nios2-elf/5.3.0\libgcc.a(_fixunsdfsi.o) (__subdf3)
c:/intelfpga_lite/16.1/nios2eds/bin/gnu/h-x86_64-mingw32/bin/../lib/gcc/nios2-elf/5.3.0\libgcc.a(fixdfsi.o)
                              c:/intelfpga_lite/16.1/nios2eds/bin/gnu/h-x86_64-mingw32/bin/../lib/gcc/nios2-elf/5.3.0\libgcc.a(_fixunsdfsi.o) (__fixdfsi)
c:/intelfpga_lite/16.1/nios2eds/bin/gnu/h-x86_64-mingw32/bin/../lib/gcc/nios2-elf/5.3.0\libgcc.a(floatsidf.o)
                              obj/default/driver/mpu6050.o (__floatsidf)
c:/intelfpga_lite/16.1/nios2eds/bin/gnu/h-x86_64-mingw32/bin/../lib/gcc/nios2-elf/5.3.0\libgcc.a(floatunsidf.o)
                              obj/default/tasks/tasks_nios.o (__floatunsidf)
c:/intelfpga_lite/16.1/nios2eds/bin/gnu/h-x86_64-mingw32/bin/../lib/gcc/nios2-elf/5.3.0\libgcc.a(extendsfdf2.o)
                              obj/default/driver/Steering.o (__extendsfdf2)
c:/intelfpga_lite/16.1/nios2eds/bin/gnu/h-x86_64-mingw32/bin/../lib/gcc/nios2-elf/5.3.0\libgcc.a(truncdfsf2.o)
                              obj/default/driver/Steering.o (__truncdfsf2)
c:/intelfpga_lite/16.1/nios2eds/bin/gnu/h-x86_64-mingw32/bin/../lib/gcc/nios2-elf/5.3.0\libgcc.a(_clzsi2.o)
                              c:/intelfpga_lite/16.1/nios2eds/bin/gnu/h-x86_64-mingw32/bin/../lib/gcc/nios2-elf/5.3.0\libgcc.a(divsf3.o) (__clzsi2)
c:/intelfpga_lite/16.1/nios2eds/bin/gnu/h-x86_64-mingw32/bin/../lib/gcc/nios2-elf/5.3.0\libgcc.a(_clz.o)
                              c:/intelfpga_lite/16.1/nios2eds/bin/gnu/h-x86_64-mingw32/bin/../lib/gcc/nios2-elf/5.3.0\libgcc.a(_clzsi2.o) (__clz_tab)
c:/intelfpga_lite/16.1/nios2eds/bin/gnu/h-x86_64-mingw32/bin/../lib/gcc/nios2-elf/5.3.0/../../../../../H-x86_64-mingw32/nios2-elf/lib\libc.a(lib_a-memcpy.o)
                              obj/default/os/Source/queue.o (memcpy)
c:/intelfpga_lite/16.1/nios2eds/bin/gnu/h-x86_64-mingw32/bin/../lib/gcc/nios2-elf/5.3.0/../../../../../H-x86_64-mingw32/nios2-elf/lib\libc.a(lib_a-memset.o)
[...]
Memory Configuration

Name             Origin             Length             Attributes
onchip_memory2_nios2_BEFORE_EXCEPTION 0x0000000000020000 0x0000000000000020
onchip_memory2_nios2 0x0000000000020020 0x000000000001ffe0
shared_memory_master_hps_0 0x0000000000060000 0x0000000000000800
shared_memory_master_nios_0 0x0000000000090000 0x0000000000000800
reset            0x00000000000a0000 0x0000000000000020
epcs_flash_controller_0 0x00000000000a0020 0x00000000000007e0
*default*        0x0000000000000000 0xffffffffffffffff

Linker script and memory map

LOAD ../Garfield_bsp//obj/HAL/src/crt0.o
LOAD obj/default/hello_world.o
LOAD obj/default/os/Source/croutine.o
LOAD obj/default/os/Source/event_groups.o
LOAD obj/default/os/Source/heap_1.o
LOAD obj/default/os/Source/list.o
LOAD obj/default/os/Source/portable/port.o
LOAD obj/default/os/Source/queue.o
LOAD obj/default/os/Source/tasks.o
LOAD obj/default/os/Source/timers.o
LOAD obj/default/ARM_NIOS/alf_sharedmemory.o
LOAD obj/default/ARM_NIOS_HQ/alf_data_info.o
LOAD obj/default/driver/Display.o
LOAD obj/default/driver/Drive.o
LOAD obj/default/driver/Steering.o
LOAD obj/default/driver/mpu6050.o
LOAD obj/default/driver/ultrasonic.o
LOAD obj/default/os/main.o
LOAD obj/default/tasks/tasks_nios.o
LOAD obj/default/os/Source/portable/port_asm.o
LOAD c:/intelfpga_lite/16.1/nios2eds/bin/gnu/h-x86_64-mingw32/bin/../lib/gcc/nios2-elf/5.3.0/../../../../../H-x86_64-mingw32/nios2-elf/lib\libstdc++.a
LOAD c:/intelfpga_lite/16.1/nios2eds/bin/gnu/h-x86_64-mingw32/bin/../lib/gcc/nios2-elf/5.3.0/../../../../../H-x86_64-mingw32/nios2-elf/lib\libm.a
LOAD c:/intelfpga_lite/16.1/nios2eds/bin/gnu/h-x86_64-mingw32/bin/../lib/gcc/nios2-elf/5.3.0\libgcc.a
START GROUP
LOAD c:/intelfpga_lite/16.1/nios2eds/bin/gnu/h-x86_64-mingw32/bin/../lib/gcc/nios2-elf/5.3.0/../../../../../H-x86_64-mingw32/nios2-elf/lib\libc.a
LOAD c:/intelfpga_lite/16.1/nios2eds/bin/gnu/h-x86_64-mingw32/bin/../lib/gcc/nios2-elf/5.3.0\libgcc.a
LOAD ../Garfield_bsp/\libhal_bsp.a
LOAD c:/intelfpga_lite/16.1/nios2eds/bin/gnu/h-x86_64-mingw32/bin/../lib/gcc/nios2-elf/5.3.0/../../../../../H-x86_64-mingw32/nios2-elf/lib\libm.a
END GROUP
LOAD c:/intelfpga_lite/16.1/nios2eds/bin/gnu/h-x86_64-mingw32/bin/../lib/gcc/nios2-elf/5.3.0\libgcc.a
                0x0000000000020000                __alt_mem_onchip_memory2_nios2 = 0x20000
                0x0000000000060000                __alt_mem_shared_memory_master_hps_0 = 0x60000
                0x0000000000090000                __alt_mem_shared_memory_master_nios_0 = 0x90000
                0x00000000000a0000                __alt_mem_epcs_flash_controller_0 = 0xa0000

.entry          0x00000000000a0000        0x0
 *(.entry)
 .entry         0x00000000000a0000        0x0 ../Garfield_bsp//obj/HAL/src/crt0.o
                0x00000000000a0000                __reset

.exceptions     0x0000000000020020      0x234
                [!provide]                        PROVIDE (__ram_exceptions_start, ABSOLUTE (.))
                0x0000000000020020                . = ALIGN (0x20)
 *(.irq)
 *(.exceptions.entry.label)
 *(.exceptions.entry.user)
 *(.exceptions.entry.ecc_fatal)
 *(.exceptions.entry)
 .exceptions.entry
                0x0000000000020020       0x8c obj/default/os/Source/portable/port_asm.o
 *(.exceptions.irqtest.user)
 *(.exceptions.irqtest)
 .exceptions.irqtest
                0x00000000000200ac       0x14 obj/default/os/Source/portable/port_asm.o
 *(.exceptions.irqhandler.user)
 *(.exceptions.irqhandler)
 .exceptions.irqhandler
                0x00000000000200c0        0x4 obj/default/os/Source/portable/port_asm.o
 *(.exceptions.irqreturn.user)
 *(.exceptions.irqreturn)
 .exceptions.irqreturn
                0x00000000000200c4       0x8c obj/default/os/Source/portable/port_asm.o
                0x00000000000200c4                restore_sp_from_pxCurrentTCB
 *(.exceptions.notirq.label)
 *(.exceptions.notirq.user)
 *(.exceptions.notirq)
 *(.exceptions.soft.user)
 *(.exceptions.soft)
 .exceptions.soft
                0x0000000000020150       0x2c obj/default/os/Source/portable/port_asm.o
 *(.exceptions.unknown.user)
 *(.exceptions.unknown)
 *(.exceptions.exit.label)
 *(.exceptions.exit.user)
 *(.exceptions.exit)
 *(.exceptions)
 .exceptions    0x000000000002017c       0xd8 ../Garfield_bsp/\libhal_bsp.a(alt_irq_handler.o)
                0x000000000002017c                alt_irq_handler
                [!provide]                        PROVIDE (__ram_exceptions_end, ABSOLUTE (.))
                [!provide]                        PROVIDE (__flash_exceptions_start, LOADADDR (.exceptions))

.text           0x0000000000020254    0x12718
                [!provide]                        PROVIDE (stext, ABSOLUTE (.))
 *(.interp)
 *(.hash)
 *(.dynsym)
 *(.dynstr)
 *(.gnu.version)
 *(.gnu.version_d)
 *(.gnu.version_r)
 *(.rel.init)
 *(.rela.init)
 *(.rel.text .rel.text.* .rel.gnu.linkonce.t.*)
 *(.rela.text .rela.text.* .rela.gnu.linkonce.t.*)
 *(.rel.fini)
 *(.rela.fini)
 *(.rel.rodata .rel.rodata.* .rel.gnu.linkonce.r.*)
 *(.rela.rodata .rela.rodata.* .rela.gnu.linkonce.r.*)
 *(.rel.data .rel.data.* .rel.gnu.linkonce.d.*)
 *(.rela.data .rela.data.* .rela.gnu.linkonce.d.*)
 *(.rel.tdata .rel.tdata.* .rel.gnu.linkonce.td.*)
 *(.rela.tdata .rela.tdata.* .rela.gnu.linkonce.td.*)
 *(.rel.tbss .rel.tbss.* .rel.gnu.linkonce.tb.*)
 *(.rela.tbss .rela.tbss.* .rela.gnu.linkonce.tb.*)
 *(.rel.ctors)
 *(.rela.ctors)
 *(.rel.dtors)
 *(.rela.dtors)
 *(.rel.got)
 *(.rela.got)
 *(.rel.sdata .rel.sdata.* .rel.gnu.linkonce.s.*)
 *(.rela.sdata .rela.sdata.* .rela.gnu.linkonce.s.*)
 *(.rel.sbss .rel.sbss.* .rel.gnu.linkonce.sb.*)
 *(.rela.sbss .rela.sbss.* .rela.gnu.linkonce.sb.*)
 *(.rel.sdata2 .rel.sdata2.* .rel.gnu.linkonce.s2.*)
 *(.rela.sdata2 .rela.sdata2.* .rela.gnu.linkonce.s2.*)
 *(.rel.sbss2 .rel.sbss2.* .rel.gnu.linkonce.sb2.*)
 *(.rela.sbss2 .rela.sbss2.* .rela.gnu.linkonce.sb2.*)
 *(.rel.bss .rel.bss.* .rel.gnu.linkonce.b.*)
 *(.rela.bss .rela.bss.* .rela.gnu.linkonce.b.*)
 *(.rel.plt)
 *(.rela.plt)
 *(.rel.dyn)
 *(.init)
 *(.plt)
 *(.text .stub .text.* .gnu.linkonce.t.*)
 .text          0x0000000000020254       0x38 ../Garfield_bsp//obj/HAL/src/crt0.o
                0x0000000000020254                _start
 .text          0x000000000002028c       0x34 obj/default/hello_world.o
                0x000000000002028c                main2
 .text          0x00000000000202c0        0x0 obj/default/os/Source/croutine.o
 .text          0x00000000000202c0      0x6ec obj/default/os/Source/event_groups.o
                0x00000000000202c0                xEventGroupCreate
                0x0000000000020314                xEventGroupSync
                0x0000000000020490                xEventGroupWaitBits
                0x000000000002062c                xEventGroupClearBits
                0x0000000000020694                xEventGroupGetBitsFromISR
                0x00000000000206d0                xEventGroupSetBits
                0x0000000000020850                vEventGroupDelete
                0x00000000000208c4                vEventGroupSetBitsCallback
                0x0000000000020900                vEventGroupClearBitsCallback
 .text          0x00000000000209ac      0x12c obj/default/os/Source/heap_1.o
                0x00000000000209ac                pvPortMalloc
                0x0000000000020a68                vPortFree
                0x0000000000020a8c                vPortInitialiseBlocks
                0x0000000000020ab0                xPortGetFreeHeapSize
 .text          0x0000000000020ad8      0x290 obj/default/os/Source/list.o
                0x0000000000020ad8                vListInitialise
                0x0000000000020b40                vListInitialiseItem
                0x0000000000020b6c                vListInsertEnd
                0x0000000000020bf8                vListInsert
                0x0000000000020cd0                uxListRemove
 .text          0x0000000000020d68      0x3a4 obj/default/os/Source/portable/port.o
                0x0000000000020d94                pxPortInitialiseStack
                0x0000000000020e74                xPortStartScheduler
                0x0000000000020eac                vPortEndScheduler
                0x0000000000020f54                vPortSysTickHandler
                0x0000000000020f9c                alt_irq_register
 .text          0x000000000002110c      0xe24 obj/default/os/Source/queue.o
                0x000000000002110c                xQueueGenericReset
                0x0000000000021220                xQueueGenericCreate
                0x0000000000021344                xQueueGenericSend
                0x00000000000214f8                xQueueGenericSendFromISR
                0x00000000000215e0                xQueueGiveFromISR
                0x00000000000216bc                xQueueGenericReceive
                0x00000000000218b0                xQueueReceiveFromISR
                0x0000000000021994                xQueuePeekFromISR
                0x0000000000021a10                uxQueueMessagesWaiting
                0x0000000000021a50                uxQueueSpacesAvailable
                0x0000000000021aa4                uxQueueMessagesWaitingFromISR
                0x0000000000021ad4                vQueueDelete
                0x0000000000021e50                xQueueIsQueueEmptyFromISR
                0x0000000000021ee8                xQueueIsQueueFullFromISR
 .text          0x0000000000021f30     0x1a90 obj/default/os/Source/tasks.o
                0x0000000000021f30                xTaskCreate
                0x00000000000222ac                vTaskDelayUntil
                0x000000000002239c                vTaskDelay
                0x00000000000223f8                vTaskSuspend
                0x000000000002256c                vTaskResume
                0x0000000000022638                vTaskStartScheduler
                0x00000000000226d8                vTaskEndScheduler
                0x0000000000022720                vTaskSuspendAll
                0x000000000002274c                xTaskResumeAll
                0x00000000000228a4                xTaskGetTickCount
                0x00000000000228cc                xTaskGetTickCountFromISR
                0x00000000000228f8                uxTaskGetNumberOfTasks
                0x0000000000022918                pcTaskGetName
                0x0000000000022958                xTaskIncrementTick
                0x0000000000022b1c                vTaskSwitchContext
                0x0000000000022bf4                vTaskPlaceOnEventList
                0x0000000000022c44                vTaskPlaceOnUnorderedEventList
                0x0000000000022ca8                xTaskRemoveFromEventList
                0x0000000000022d9c                xTaskRemoveFromUnorderedEventList
                0x0000000000022e74                vTaskSetTimeOutState
                0x0000000000022eb0                xTaskCheckForTimeOut
                0x0000000000022f8c                vTaskMissedYield
                0x000000000002311c                vTaskEnterCritical
                0x0000000000023170                vTaskExitCritical
                0x00000000000231d0                uxTaskResetEventItemValue
                0x0000000000023214                ulTaskNotifyTake
                0x00000000000232c4                xTaskNotifyWait
                0x00000000000233b8                xTaskGenericNotify
                0x000000000002355c                xTaskGenericNotifyFromISR
                0x000000000002373c                vTaskNotifyGiveFromISR
                0x0000000000023860                xTaskNotifyStateClear
 .text          0x00000000000239c0        0x0 obj/default/os/Source/timers.o
 .text          0x00000000000239c0      0x6ec obj/default/ARM_NIOS/alf_sharedmemory.o
                0x00000000000239c0                Alf_SharedMemoryComm::Init(unsigned long, unsigned long, unsigned long, unsigned long, unsigned long, unsigned long, unsigned short, unsigned long)
                0x0000000000023b8c                Alf_SharedMemoryComm::TryLock(void*)
                0x0000000000023bfc                Alf_SharedMemoryComm::DisableMailboxInterrupt()
                0x0000000000023c30                Alf_SharedMemoryComm::EnableMailboxInterrupt()
                0x0000000000023c68                Alf_SharedMemoryComm::WaitForLock(void*)
                0x0000000000023cb4                Alf_SharedMemoryComm::ReleaseLock(void*)
                0x0000000000023cfc                Alf_SharedMemoryComm::WriteAndCommitMailbox(void const*, unsigned long, unsigned long const&)
                0x0000000000023d4c                Alf_SharedMemoryComm::Write(Alf_Drive_Command const&)
                0x0000000000023da0                Alf_SharedMemoryComm::Write(Alf_Drive_Info const&)
                0x0000000000023df4                Alf_SharedMemoryComm::Write(unsigned long&)
                0x0000000000023e3c                Alf_SharedMemoryComm::ResetWriteMutex()
                0x0000000000023e90                Alf_SharedMemoryComm::ReadInterruptHandler()
                0x0000000000023f5c                Alf_SharedMemoryComm::Read(Alf_Drive_Info&)
                0x0000000000024004                Alf_SharedMemoryComm::Read(Alf_Drive_Command&)
 .text._ZN20Alf_SharedMemoryComm13HardwareWriteI17Alf_Drive_CommandEE15ALF_ERROR_CODESRKT_RKmS7_
                0x00000000000240ac      0x194 obj/default/ARM_NIOS/alf_sharedmemory.o
                0x00000000000240ac                ALF_ERROR_CODES Alf_SharedMemoryComm::HardwareWrite<Alf_Drive_Command>(Alf_Drive_Command const&, unsigned long const&, unsigned long const&)
 .text._ZN20Alf_SharedMemoryComm13HardwareWriteI14Alf_Drive_InfoEE15ALF_ERROR_CODESRKT_RKmS7_
                0x0000000000024240      0x194 obj/default/ARM_NIOS/alf_sharedmemory.o
                0x0000000000024240                ALF_ERROR_CODES Alf_SharedMemoryComm::HardwareWrite<Alf_Drive_Info>(Alf_Drive_Info const&, unsigned long const&, unsigned long const&)
 .text._ZN20Alf_SharedMemoryComm13HardwareWriteImEE15ALF_ERROR_CODESRKT_RKmS6_
                0x00000000000243d4      0x194 obj/default/ARM_NIOS/alf_sharedmemory.o
                0x00000000000243d4                ALF_ERROR_CODES Alf_SharedMemoryComm::HardwareWrite<unsigned long>(unsigned long const&, unsigned long const&, unsigned long const&)
 .text._ZN20Garifield_RingBufferIN20Alf_SharedMemoryComm9mailbox_sELm12EE4pushERKS1_
                0x0000000000024568      0x110 obj/default/ARM_NIOS/alf_sharedmemory.o
                0x0000000000024568                Garifield_RingBuffer<Alf_SharedMemoryComm::mailbox_s, 12ul>::push(Alf_SharedMemoryComm::mailbox_s const&)
 .text._ZN20Garifield_RingBufferIN20Alf_SharedMemoryComm9mailbox_sELm12EE5emptyEv
                0x0000000000024678       0x28 obj/default/ARM_NIOS/alf_sharedmemory.o
                0x0000000000024678                Garifield_RingBuffer<Alf_SharedMemoryComm::mailbox_s, 12ul>::empty()
 .text._ZN20Garifield_RingBufferIN20Alf_SharedMemoryComm9mailbox_sELm12EE3topEv
                0x00000000000246a0       0x40 obj/default/ARM_NIOS/alf_sharedmemory.o
                0x00000000000246a0                Garifield_RingBuffer<Alf_SharedMemoryComm::mailbox_s, 12ul>::top()
 .text._ZN20Garifield_RingBufferIN20Alf_SharedMemoryComm9mailbox_sELm12EE3popEv
                0x00000000000246e0       0x8c obj/default/ARM_NIOS/alf_sharedmemory.o
                0x00000000000246e0                Garifield_RingBuffer<Alf_SharedMemoryComm::mailbox_s, 12ul>::pop()
 .text._ZN20Alf_SharedMemoryComm12HardwareReadI14Alf_Drive_InfoEE15ALF_ERROR_CODESRT_RKmS6_
                0x000000000002476c       0xbc obj/default/ARM_NIOS/alf_sharedmemory.o
                0x000000000002476c                ALF_ERROR_CODES Alf_SharedMemoryComm::HardwareRead<Alf_Drive_Info>(Alf_Drive_Info&, unsigned long const&, unsigned long const&)
 .text._ZN20Alf_SharedMemoryComm12HardwareReadI17Alf_Drive_CommandEE15ALF_ERROR_CODESRT_RKmS6_
                0x0000000000024828       0xbc obj/default/ARM_NIOS/alf_sharedmemory.o
                0x0000000000024828                ALF_ERROR_CODES Alf_SharedMemoryComm::HardwareRead<Alf_Drive_Command>(Alf_Drive_Command&, unsigned long const&, unsigned long const&)
 .text          0x00000000000248e4        0x0 obj/default/ARM_NIOS_HQ/alf_data_info.o
 .text          0x00000000000248e4     0x1554 obj/default/driver/Display.o
                0x00000000000248e4                set_tft_dc(bool)
                0x0000000000024950                spi_write_byte(unsigned char)
                0x00000000000249a0                delay_ms(unsigned char)
                0x00000000000249f4                reversestr(char*)
                0x0000000000024aa4                itochptr(int, char*)
                0x0000000000024b9c                Display::Display(short, short)
                0x0000000000024b9c                Display::Display(short, short)
                0x0000000000024c00                Display::init(unsigned short)
                0x0000000000025060                Display::writecommand(unsigned char)
                0x00000000000250a8                Display::writedata(unsigned char)
                0x00000000000250f0                Display::drawPixel(short, short, unsigned short)
                0x00000000000251ec                Display::drawChar(short, short, unsigned char, unsigned short, unsigned short, unsigned char)
                0x0000000000025508                Display::writeLine(char const*, unsigned short, unsigned char)
                0x000000000002596c                Display::fillScreen(unsigned short)
                0x00000000000259e8                Display::fillRect(short, short, short, short, unsigned short)
                0x0000000000025bb8                Display::setAddrWindow(unsigned short, unsigned short, unsigned short, unsigned short)
                0x0000000000025cd4                Display::cp437(bool)
                0x0000000000025d0c                Display::setRotation(unsigned char)
 .text          0x0000000000025e38      0x21c obj/default/driver/Drive.o
                0x0000000000025e38                Drive::SetDriveSpeed(unsigned char, unsigned char)
                0x0000000000025f10                Drive::SetMaxSpeed(unsigned char)
                0x0000000000025f54                Drive::setBlock_Front(bool)
                0x0000000000025f84                Drive::SetBlock_Rear(bool)
                0x0000000000025fb4                Drive::GetCurrent_direction()
                0x0000000000025fd4                Drive::GetCurrent_speed()
                0x0000000000025ff4                Drive::GetMax_Speed_Percent()
                0x0000000000026014                Drive::GetBlock_Front()
                0x0000000000026034                Drive::GetBlock_Rear()
 .text          0x0000000000026054      0x174 obj/default/driver/Steering.o
                0x0000000000026054                Steering::Init(unsigned char)
                0x000000000002611c                Steering::Set(signed char)
 .text          0x00000000000261c8      0xa3c obj/default/driver/mpu6050.o
                0x00000000000261c8                mpu6050::mpu6050(MPU6050_Addresses)
                0x00000000000261c8                mpu6050::mpu6050(MPU6050_Addresses)
                0x0000000000026210                mpu6050::InitMPU6050(AccelerometerSettings, GyroscopeSettings)
                0x0000000000026400                mpu6050::ReadAccelerometer(mpu6050::AccelerometerData&)
                0x000000000002670c                mpu6050::ReadGyroscope(mpu6050::GyroscopeData&)
                0x0000000000026a18                mpu6050::ReadTemperature(float&)
                0x0000000000026b84                mpu6050::readStatus()
 .text          0x0000000000026c04      0x648 obj/default/driver/ultrasonic.o
                0x0000000000026c04                UltraSonicDevice::UltraSonicDevice(UltraSonicAddress)
                0x0000000000026c04                UltraSonicDevice::UltraSonicDevice(UltraSonicAddress)
                0x0000000000026c3c                UltraSonicDevice::writeCMDRegister(UltraSonicCommands, bool) const
                0x0000000000026cec                UltraSonicDevice::writeGAINRegister(unsigned char) const
                0x0000000000026d6c                UltraSonicDevice::writeRANGERegister(unsigned char) const
                0x0000000000026dec                UltraSonicDevice::readRegister(UltraSonicRegisterRead, unsigned short&) const
                0x0000000000026f28                UltraSonicDevice::readMeasurement(unsigned char*, unsigned char) const
                0x0000000000027040                UltraSonicDevice::changeAddress(UltraSonicAddress)
                0x0000000000027194                UltraSonicDevice::checkUltraSonicState(bool&) const
 .text          0x000000000002724c      0x198 obj/default/os/main.o
                0x000000000002724c                main
 .text          0x00000000000273e4      0x780 obj/default/tasks/tasks_nios.o
                0x00000000000273e4                readMPU(void*)
                0x0000000000027518                readUltraSonic(void*)
                0x0000000000027720                readRotary(void*)
                0x0000000000027838                setMotor_and_Steering(void*)
                0x00000000000279f8                setDriveInfo(void*)
                0x0000000000027a44                Mailbox_isr(void*, unsigned long)
 .text._ZN20Garifield_RingBufferIN20Alf_SharedMemoryComm9mailbox_sELm12EEC2Ev
                0x0000000000027b64       0x4c obj/default/tasks/tasks_nios.o
                0x0000000000027b64                Garifield_RingBuffer<Alf_SharedMemoryComm::mailbox_s, 12ul>::Garifield_RingBuffer()
                0x0000000000027b64                Garifield_RingBuffer<Alf_SharedMemoryComm::mailbox_s, 12ul>::Garifield_RingBuffer()
 .text._ZN20Alf_SharedMemoryCommC2Ev
                0x0000000000027bb0       0x70 obj/default/tasks/tasks_nios.o
                0x0000000000027bb0                Alf_SharedMemoryComm::Alf_SharedMemoryComm()
                0x0000000000027bb0                Alf_SharedMemoryComm::Alf_SharedMemoryComm()
 .text          0x0000000000027c20        0x0 obj/default/os/Source/portable/port_asm.o
 .text          0x0000000000027c20       0x60 c:/intelfpga_lite/16.1/nios2eds/bin/gnu/h-x86_64-mingw32/bin/../lib/gcc/nios2-elf/5.3.0\libgcc.a(_fixunssfsi.o)
                0x0000000000027c20                __fixunssfsi
 .text          0x0000000000027c80       0x74 c:/intelfpga_lite/16.1/nios2eds/bin/gnu/h-x86_64-mingw32/bin/../lib/gcc/nios2-elf/5.3.0\libgcc.a(_fixunsdfsi.o)
                0x0000000000027c80                __fixunsdfsi
 .text          0x0000000000027cf4      0x1b4 c:/intelfpga_lite/16.1/nios2eds/bin/gnu/h-x86_64-mingw32/bin/../lib/gcc/nios2-elf/5.3.0\libgcc.a(lib2-divmod.o)
                0x0000000000027cf4                __divsi3
                0x0000000000027d78                __modsi3
                0x0000000000027dec                __udivsi3
                0x0000000000027e50                __umodsi3
 .text          0x0000000000027ea8      0x440 c:/intelfpga_lite/16.1/nios2eds/bin/gnu/h-x86_64-mingw32/bin/../lib/gcc/nios2-elf/5.3.0\libgcc.a(divsf3.o)
                0x0000000000027ea8                __divsf3
 .text          0x00000000000282e8       0xbc c:/intelfpga_lite/16.1/nios2eds/bin/gnu/h-x86_64-mingw32/bin/../lib/gcc/nios2-elf/5.3.0\libgcc.a(gesf2.o)
                0x00000000000282e8                __gesf2
                0x00000000000282e8                __gtsf2
 .text          0x00000000000283a4      0x3fc c:/intelfpga_lite/16.1/nios2eds/bin/gnu/h-x86_64-mingw32/bin/../lib/gcc/nios2-elf/5.3.0\libgcc.a(mulsf3.o)
                0x00000000000283a4                __mulsf3
 .text          0x00000000000287a0      0x4e4 c:/intelfpga_lite/16.1/nios2eds/bin/gnu/h-x86_64-mingw32/bin/../lib/gcc/nios2-elf/5.3.0\libgcc.a(subsf3.o)
                0x00000000000287a0                __subsf3
 .text          0x0000000000028c84       0x70 c:/intelfpga_lite/16.1/nios2eds/bin/gnu/h-x86_64-mingw32/bin/../lib/gcc/nios2-elf/5.3.0\libgcc.a(fixsfsi.o)
                0x0000000000028c84                __fixsfsi
 .text          0x0000000000028cf4      0x124 c:/intelfpga_lite/16.1/nios2eds/bin/gnu/h-x86_64-mingw32/bin/../lib/gcc/nios2-elf/5.3.0\libgcc.a(floatsisf.o)
                0x0000000000028cf4                __floatsisf
 .text          0x0000000000028e18       0xf0 c:/intelfpga_lite/16.1/nios2eds/bin/gnu/h-x86_64-mingw32/bin/../lib/gcc/nios2-elf/5.3.0\libgcc.a(floatunsisf.o)
                0x0000000000028e18                __floatunsisf
 .text          0x0000000000028f08      0x8ac c:/intelfpga_lite/16.1/nios2eds/bin/gnu/h-x86_64-mingw32/bin/../lib/gcc/nios2-elf/5.3.0\libgcc.a(adddf3.o)
                0x0000000000028f08                __adddf3
 .text          0x00000000000297b4      0x8e8 c:/intelfpga_lite/16.1/nios2eds/bin/gnu/h-x86_64-mingw32/bin/../lib/gcc/nios2-elf/5.3.0\libgcc.a(divdf3.o)
                0x00000000000297b4                __divdf3
 .text          0x000000000002a09c       0xdc c:/intelfpga_lite/16.1/nios2eds/bin/gnu/h-x86_64-mingw32/bin/../lib/gcc/nios2-elf/5.3.0\libgcc.a(gedf2.o)
                0x000000000002a09c                __gedf2
                0x000000000002a09c                __gtdf2
 .text          0x000000000002a178      0x718 c:/intelfpga_lite/16.1/nios2eds/bin/gnu/h-x86_64-mingw32/bin/../lib/gcc/nios2-elf/5.3.0\libgcc.a(muldf3.o)
                0x000000000002a178                __muldf3
 .text          0x000000000002a890      0x8fc c:/intelfpga_lite/16.1/nios2eds/bin/gnu/h-x86_64-mingw32/bin/../lib/gcc/nios2-elf/5.3.0\libgcc.a(subdf3.o)
                0x000000000002a890                __subdf3
 .text          0x000000000002b18c       0x80 c:/intelfpga_lite/16.1/nios2eds/bin/gnu/h-x86_64-mingw32/bin/../lib/gcc/nios2-elf/5.3.0\libgcc.a(fixdfsi.o)
                0x000000000002b18c                __fixdfsi
 .text          0x000000000002b20c       0xdc c:/intelfpga_lite/16.1/nios2eds/bin/gnu/h-x86_64-mingw32/bin/../lib/gcc/nios2-elf/5.3.0\libgcc.a(floatsidf.o)
                0x000000000002b20c                __floatsidf
 .text          0x000000000002b2e8       0xa8 c:/intelfpga_lite/16.1/nios2eds/bin/gnu/h-x86_64-mingw32/bin/../lib/gcc/nios2-elf/5.3.0\libgcc.a(floatunsidf.o)
                0x000000000002b2e8                __floatunsidf
 .text          0x000000000002b390      0x110 c:/intelfpga_lite/16.1/nios2eds/bin/gnu/h-x86_64-mingw32/bin/../lib/gcc/nios2-elf/5.3.0\libgcc.a(extendsfdf2.o)
                0x000000000002b390                __extendsfdf2
 .text          0x000000000002b4a0      0x1a8 c:/intelfpga_lite/16.1/nios2eds/bin/gnu/h-x86_64-mingw32/bin/../lib/gcc/nios2-elf/5.3.0\libgcc.a(truncdfsf2.o)
                0x000000000002b4a0                __truncdfsf2
 .text          0x000000000002b648       0x64 c:/intelfpga_lite/16.1/nios2eds/bin/gnu/h-x86_64-mingw32/bin/../lib/gcc/nios2-elf/5.3.0\libgcc.a(_clzsi2.o)
                0x000000000002b648                __clzsi2
 .text          0x000000000002b6ac        0x0 c:/intelfpga_lite/16.1/nios2eds/bin/gnu/h-x86_64-mingw32/bin/../lib/gcc/nios2-elf/5.3.0\libgcc.a(_clz.o)
 .text          0x000000000002b6ac        0x0 c:/intelfpga_lite/16.1/nios2eds/bin/gnu/h-x86_64-mingw32/bin/../lib/gcc/nios2-elf/5.3.0/../../../../../H-x86_64-mingw32/nios2-elf/lib\libc.a(lib_a-memcpy.o)
 .text.memcpy   0x000000000002b6ac      0x148 c:/intelfpga_lite/16.1/nios2eds/bin/gnu/h-x86_64-mingw32/bin/../lib/gcc/nios2-elf/5.3.0/../../../../../H-x86_64-mingw32/nios2-elf/lib\libc.a(lib_a-memcpy.o)
                0x000000000002b6ac                memcpy
 .text          0x000000000002b7f4        0x0 c:/intelfpga_lite/16.1/nios2eds/bin/gnu/h-x86_64-mingw32/bin/../lib/gcc/nios2-elf/5.3.0/../../../../../H-x86_64-mingw32/nios2-elf/lib\libc.a(lib_a-memset.o)
 .text.memset   0x000000000002b7f4      0x128 c:/intelfpga_lite/16.1/nios2eds/bin/gnu/h-x86_64-mingw32/bin/../lib/gcc/nios2-elf/5.3.0/../../../../../H-x86_64-mingw32/nios2-elf/lib\libc.a(lib_a-memset.o)
                0x000000000002b7f4                memset
 .text          0x000000000002b91c        0x0 c:/intelfpga_lite/16.1/nios2eds/bin/gnu/h-x86_64-mingw32/bin/../lib/gcc/nios2-elf/5.3.0/../../../../../H-x86_64-mingw32/nios2-elf/lib\libc.a(lib_a-puts.o)
 .text._puts_r  0x000000000002b91c       0xc0 c:/intelfpga_lite/16.1/nios2eds/bin/gnu/h-x86_64-mingw32/bin/../lib/gcc/nios2-elf/5.3.0/../../../../../H-x86_64-mingw32/nios2-elf/lib\libc.a(lib_a-puts.o)
                0x000000000002b91c                _puts_r
 .text.puts     0x000000000002b9dc       0x14 c:/intelfpga_lite/16.1/nios2eds/bin/gnu/h-x86_64-mingw32/bin/../lib/gcc/nios2-elf/5.3.0/../../../../../H-x86_64-mingw32/nios2-elf/lib\libc.a(lib_a-puts.o)
                0x000000000002b9dc                puts
 .text          0x000000000002b9f0        0x0 c:/intelfpga_lite/16.1/nios2eds/bin/gnu/h-x86_64-mingw32/bin/../lib/gcc/nios2-elf/5.3.0/../../../../../H-x86_64-mingw32/nios2-elf/lib\libc.a(lib_a-strlen.o)
 .text.strlen   0x000000000002b9f0       0x98 c:/intelfpga_lite/16.1/nios2eds/bin/gnu/h-x86_64-mingw32/bin/../lib/gcc/nios2-elf/5.3.0/../../../../../H-x86_64-mingw32/nios2-elf/lib\libc.a(lib_a-strlen.o)
                0x000000000002b9f0                strlen
 .text          0x000000000002ba88        0x0 c:/intelfpga_lite/16.1/nios2eds/bin/gnu/h-x86_64-mingw32/bin/../lib/gcc/nios2-elf/5.3.0/../../../../../H-x86_64-mingw32/nios2-elf/lib\libc.a(lib_a-findfp.o)
 .text.__fp_unlock
                0x000000000002ba88        0x8 c:/intelfpga_lite/16.1/nios2eds/bin/gnu/h-x86_64-mingw32/bin/../lib/gcc/nios2-elf/5.3.0/../../../../../H-x86_64-mingw32/nios2-elf/lib\libc.a(lib_a-findfp.o)
 .text._cleanup_r
                0x000000000002ba90        0xc c:/intelfpga_lite/16.1/nios2eds/bin/gnu/h-x86_64-mingw32/bin/../lib/gcc/nios2-elf/5.3.0/../../../../../H-x86_64-mingw32/nios2-elf/lib\libc.a(lib_a-findfp.o)
                0x000000000002ba90                _cleanup_r
 .text.__sinit.part.1
                0x000000000002ba9c      0x19c c:/intelfpga_lite/16.1/nios2eds/bin/gnu/h-x86_64-mingw32/bin/../lib/gcc/nios2-elf/5.3.0/../../../../../H-x86_64-mingw32/nios2-elf/lib\libc.a(lib_a-findfp.o)
 .text.__fp_lock
                0x000000000002bc38        0x8 c:/intelfpga_lite/16.1/nios2eds/bin/gnu/h-x86_64-mingw32/bin/../lib/gcc/nios2-elf/5.3.0/../../../../../H-x86_64-mingw32/nios2-elf/lib\libc.a(lib_a-findfp.o)
 .text.__sfmoreglue
                0x000000000002bc40       0x68 c:/intelfpga_lite/16.1/nios2eds/bin/gnu/h-x86_64-mingw32/bin/../lib/gcc/nios2-elf/5.3.0/../../../../../H-x86_64-mingw32/nios2-elf/lib\libc.a(lib_a-findfp.o)
                0x000000000002bc40                __sfmoreglue
 .text.__sfp    0x000000000002bca8      0x118 c:/intelfpga_lite/16.1/nios2eds/bin/gnu/h-x86_64-mingw32/bin/../lib/gcc/nios2-elf/5.3.0/../../../../../H-x86_64-mingw32/nios2-elf/lib\libc.a(lib_a-findfp.o)
                0x000000000002bca8                __sfp
 .text._cleanup
                0x000000000002bdc0       0x18 c:/intelfpga_lite/16.1/nios2eds/bin/gnu/h-x86_64-mingw32/bin/../lib/gcc/nios2-elf/5.3.0/../../../../../H-x86_64-mingw32/nios2-elf/lib\libc.a(lib_a-findfp.o)
                0x000000000002bdc0                _cleanup
 .text.__sinit  0x000000000002bdd8       0x10 c:/intelfpga_lite/16.1/nios2eds/bin/gnu/h-x86_64-mingw32/bin/../lib/gcc/nios2-elf/5.3.0/../../../../../H-x86_64-mingw32/nios2-elf/lib\libc.a(lib_a-findfp.o)
                0x000000000002bdd8                __sinit
 .text.__sfp_lock_acquire
                0x000000000002bde8        0x4 c:/intelfpga_lite/16.1/nios2eds/bin/gnu/h-x86_64-mingw32/bin/../lib/gcc/nios2-elf/5.3.0/../../../../../H-x86_64-mingw32/nios2-elf/lib\libc.a(lib_a-findfp.o)
                0x000000000002bde8                __sfp_lock_acquire
 .text.__sfp_lock_release
                0x000000000002bdec        0x4 c:/intelfpga_lite/16.1/nios2eds/bin/gnu/h-x86_64-mingw32/bin/../lib/gcc/nios2-elf/5.3.0/../../../../../H-x86_64-mingw32/nios2-elf/lib\libc.a(lib_a-findfp.o)
                0x000000000002bdec                __sfp_lock_release
 .text.__sinit_lock_acquire
                0x000000000002bdf0        0x4 c:/intelfpga_lite/16.1/nios2eds/bin/gnu/h-x86_64-mingw32/bin/../lib/gcc/nios2-elf/5.3.0/../../../../../H-x86_64-mingw32/nios2-elf/lib\libc.a(lib_a-findfp.o)
                0x000000000002bdf0                __sinit_lock_acquire
 .text.__sinit_lock_release
                0x000000000002bdf4        0x4 c:/intelfpga_lite/16.1/nios2eds/bin/gnu/h-x86_64-mingw32/bin/../lib/gcc/nios2-elf/5.3.0/../../../../../H-x86_64-mingw32/nios2-elf/lib\libc.a(lib_a-findfp.o)
                0x000000000002bdf4                __sinit_lock_release
 .text.__fp_lock_all
                0x000000000002bdf8       0x18 c:/intelfpga_lite/16.1/nios2eds/bin/gnu/h-x86_64-mingw32/bin/../lib/gcc/nios2-elf/5.3.0/../../../../../H-x86_64-mingw32/nios2-elf/lib\libc.a(lib_a-findfp.o)
                0x000000000002bdf8                __fp_lock_all
 .text.__fp_unlock_all
                0x000000000002be10       0x18 c:/intelfpga_lite/16.1/nios2eds/bin/gnu/h-x86_64-mingw32/bin/../lib/gcc/nios2-elf/5.3.0/../../../../../H-x86_64-mingw32/nios2-elf/lib\libc.a(lib_a-findfp.o)
                0x000000000002be10                __fp_unlock_all
 .text          0x000000000002be28        0x0 c:/intelfpga_lite/16.1/nios2eds/bin/gnu/h-x86_64-mingw32/bin/../lib/gcc/nios2-elf/5.3.0/../../../../../H-x86_64-mingw32/nios2-elf/lib\libc.a(lib_a-fvwrite.o)
 .text.__sfvwrite_r
                0x000000000002be28      0x4bc c:/intelfpga_lite/16.1/nios2eds/bin/gnu/h-x86_64-mingw32/bin/../lib/gcc/nios2-elf/5.3.0/../../../../../H-x86_64-mingw32/nios2-elf/lib\libc.a(lib_a-fvwrite.o)
                0x000000000002be28                __sfvwrite_r
 .text          0x000000000002c2e4        0x0 c:/intelfpga_lite/16.1/nios2eds/bin/gnu/h-x86_64-mingw32/bin/../lib/gcc/nios2-elf/5.3.0/../../../../../H-x86_64-mingw32/nios2-elf/lib\libc.a(lib_a-fwalk.o)
 .text._fwalk   0x000000000002c2e4       0xc4 c:/intelfpga_lite/16.1/nios2eds/bin/gnu/h-x86_64-mingw32/bin/../lib/gcc/nios2-elf/5.3.0/../../../../../H-x86_64-mingw32/nios2-elf/lib\libc.a(lib_a-fwalk.o)
                0x000000000002c2e4                _fwalk
 .text._fwalk_reent
                0x000000000002c3a8       0xc4 c:/intelfpga_lite/16.1/nios2eds/bin/gnu/h-x86_64-mingw32/bin/../lib/gcc/nios2-elf/5.3.0/../../../../../H-x86_64-mingw32/nios2-elf/lib\libc.a(lib_a-fwalk.o)
                0x000000000002c3a8                _fwalk_reent
 .text          0x000000000002c46c        0x0 c:/intelfpga_lite/16.1/nios2eds/bin/gnu/h-x86_64-mingw32/bin/../lib/gcc/nios2-elf/5.3.0/../../../../../H-x86_64-mingw32/nios2-elf/lib\libc.a(lib_a-impure.o)
 .text          0x000000000002c46c        0x0 c:/intelfpga_lite/16.1/nios2eds/bin/gnu/h-x86_64-mingw32/bin/../lib/gcc/nios2-elf/5.3.0/../../../../../H-x86_64-mingw32/nios2-elf/lib\libc.a(lib_a-mallocr.o)
 .text._malloc_r
                0x000000000002c46c      0x80c c:/intelfpga_lite/16.1/nios2eds/bin/gnu/h-x86_64-mingw32/bin/../lib/gcc/nios2-elf/5.3.0/../../../../../H-x86_64-mingw32/nios2-elf/lib\libc.a(lib_a-mallocr.o)
                0x000000000002c46c                _malloc_r
 .text          0x000000000002cc78        0x0 c:/intelfpga_lite/16.1/nios2eds/bin/gnu/h-x86_64-mingw32/bin/../lib/gcc/nios2-elf/5.3.0/../../../../../H-x86_64-mingw32/nios2-elf/lib\libc.a(lib_a-memchr.o)
 .text.memchr   0x000000000002cc78       0xe4 c:/intelfpga_lite/16.1/nios2eds/bin/gnu/h-x86_64-mingw32/bin/../lib/gcc/nios2-elf/5.3.0/../../../../../H-x86_64-mingw32/nios2-elf/lib\libc.a(lib_a-memchr.o)
                0x000000000002cc78                memchr
 .text          0x000000000002cd5c        0x0 c:/intelfpga_lite/16.1/nios2eds/bin/gnu/h-x86_64-mingw32/bin/../lib/gcc/nios2-elf/5.3.0/../../../../../H-x86_64-mingw32/nios2-elf/lib\libc.a(lib_a-memmove.o)
 .text.memmove  0x000000000002cd5c      0x15c c:/intelfpga_lite/16.1/nios2eds/bin/gnu/h-x86_64-mingw32/bin/../lib/gcc/nios2-elf/5.3.0/../../../../../H-x86_64-mingw32/nios2-elf/lib\libc.a(lib_a-memmove.o)
                0x000000000002cd5c                memmove
 .text          0x000000000002ceb8        0x0 c:/intelfpga_lite/16.1/nios2eds/bin/gnu/h-x86_64-mingw32/bin/../lib/gcc/nios2-elf/5.3.0/../../../../../H-x86_64-mingw32/nios2-elf/lib\libc.a(lib_a-reallocr.o)
 .text._realloc_r
                0x000000000002ceb8      0x564 c:/intelfpga_lite/16.1/nios2eds/bin/gnu/h-x86_64-mingw32/bin/../lib/gcc/nios2-elf/5.3.0/../../../../../H-x86_64-mingw32/nios2-elf/lib\libc.a(lib_a-reallocr.o)
                0x000000000002ceb8                _realloc_r
 .text          0x000000000002d41c        0x0 c:/intelfpga_lite/16.1/nios2eds/bin/gnu/h-x86_64-mingw32/bin/../lib/gcc/nios2-elf/5.3.0/../../../../../H-x86_64-mingw32/nios2-elf/lib\libc.a(lib_a-sbrkr.o)
 .text._sbrk_r  0x000000000002d41c       0x54 c:/intelfpga_lite/16.1/nios2eds/bin/gnu/h-x86_64-mingw32/bin/../lib/gcc/nios2-elf/5.3.0/../../../../../H-x86_64-mingw32/nios2-elf/lib\libc.a(lib_a-sbrkr.o)
                0x000000000002d41c                _sbrk_r
 .text          0x000000000002d470        0x0 c:/intelfpga_lite/16.1/nios2eds/bin/gnu/h-x86_64-mingw32/bin/../lib/gcc/nios2-elf/5.3.0/../../../../../H-x86_64-mingw32/nios2-elf/lib\libc.a(lib_a-stdio.o)
 .text.__sread  0x000000000002d470       0x54 c:/intelfpga_lite/16.1/nios2eds/bin/gnu/h-x86_64-mingw32/bin/../lib/gcc/nios2-elf/5.3.0/../../../../../H-x86_64-mingw32/nios2-elf/lib\libc.a(lib_a-stdio.o)
                0x000000000002d470                __sread
 .text.__seofread
                0x000000000002d4c4        0x8 c:/intelfpga_lite/16.1/nios2eds/bin/gnu/h-x86_64-mingw32/bin/../lib/gcc/nios2-elf/5.3.0/../../../../../H-x86_64-mingw32/nios2-elf/lib\libc.a(lib_a-stdio.o)
                0x000000000002d4c4                __seofread
 .text.__swrite
                0x000000000002d4cc       0x7c c:/intelfpga_lite/16.1/nios2eds/bin/gnu/h-x86_64-mingw32/bin/../lib/gcc/nios2-elf/5.3.0/../../../../../H-x86_64-mingw32/nios2-elf/lib\libc.a(lib_a-stdio.o)
                0x000000000002d4cc                __swrite
 .text.__sseek  0x000000000002d548       0x5c c:/intelfpga_lite/16.1/nios2eds/bin/gnu/h-x86_64-mingw32/bin/../lib/gcc/nios2-elf/5.3.0/../../../../../H-x86_64-mingw32/nios2-elf/lib\libc.a(lib_a-stdio.o)
                0x000000000002d548                __sseek
 .text.__sclose
                0x000000000002d5a4        0x8 c:/intelfpga_lite/16.1/nios2eds/bin/gnu/h-x86_64-mingw32/bin/../lib/gcc/nios2-elf/5.3.0/../../../../../H-x86_64-mingw32/nios2-elf/lib\libc.a(lib_a-stdio.o)
                0x000000000002d5a4                __sclose
 .text          0x000000000002d5ac        0x0 c:/intelfpga_lite/16.1/nios2eds/bin/gnu/h-x86_64-mingw32/bin/../lib/gcc/nios2-elf/5.3.0/../../../../../H-x86_64-mingw32/nios2-elf/lib\libc.a(lib_a-writer.o)
 .text._write_r
                0x000000000002d5ac       0x60 c:/intelfpga_lite/16.1/nios2eds/bin/gnu/h-x86_64-mingw32/bin/../lib/gcc/nios2-elf/5.3.0/../../../../../H-x86_64-mingw32/nios2-elf/lib\libc.a(lib_a-writer.o)
                0x000000000002d5ac                _write_r
 .text          0x000000000002d60c        0x0 c:/intelfpga_lite/16.1/nios2eds/bin/gnu/h-x86_64-mingw32/bin/../lib/gcc/nios2-elf/5.3.0/../../../../../H-x86_64-mingw32/nios2-elf/lib\libc.a(lib_a-wsetup.o)
 .text.__swsetup_r
                0x000000000002d60c      0x154 c:/intelfpga_lite/16.1/nios2eds/bin/gnu/h-x86_64-mingw32/bin/../lib/gcc/nios2-elf/5.3.0/../../../../../H-x86_64-mingw32/nios2-elf/lib\libc.a(lib_a-wsetup.o)
                0x000000000002d60c                __swsetup_r
 .text          0x000000000002d760        0x0 c:/intelfpga_lite/16.1/nios2eds/bin/gnu/h-x86_64-mingw32/bin/../lib/gcc/nios2-elf/5.3.0/../../../../../H-x86_64-mingw32/nios2-elf/lib\libc.a(closer.o)
 .text._close_r
                0x000000000002d760       0x54 c:/intelfpga_lite/16.1/nios2eds/bin/gnu/h-x86_64-mingw32/bin/../lib/gcc/nios2-elf/5.3.0/../../../../../H-x86_64-mingw32/nios2-elf/lib\libc.a(closer.o)
                0x000000000002d760                _close_r
 .text          0x000000000002d7b4        0x0 c:/intelfpga_lite/16.1/nios2eds/bin/gnu/h-x86_64-mingw32/bin/../lib/gcc/nios2-elf/5.3.0/../../../../../H-x86_64-mingw32/nios2-elf/lib\libc.a(lib_a-fclose.o)
 .text._fclose_r
                0x000000000002d7b4       0xf0 c:/intelfpga_lite/16.1/nios2eds/bin/gnu/h-x86_64-mingw32/bin/../lib/gcc/nios2-elf/5.3.0/../../../../../H-x86_64-mingw32/nios2-elf/lib\libc.a(lib_a-fclose.o)
                0x000000000002d7b4                _fclose_r
 .text.fclose   0x000000000002d8a4       0x14 c:/intelfpga_lite/16.1/nios2eds/bin/gnu/h-x86_64-mingw32/bin/../lib/gcc/nios2-elf/5.3.0/../../../../../H-x86_64-mingw32/nios2-elf/lib\libc.a(lib_a-fclose.o)
                0x000000000002d8a4                fclose
 .text          0x000000000002d8b8        0x0 c:/intelfpga_lite/16.1/nios2eds/bin/gnu/h-x86_64-mingw32/bin/../lib/gcc/nios2-elf/5.3.0/../../../../../H-x86_64-mingw32/nios2-elf/lib\libc.a(lib_a-fflush.o)
 .text.__sflush_r
                0x000000000002d8b8      0x21c c:/intelfpga_lite/16.1/nios2eds/bin/gnu/h-x86_64-mingw32/bin/../lib/gcc/nios2-elf/5.3.0/../../../../../H-x86_64-mingw32/nios2-elf/lib\libc.a(lib_a-fflush.o)
                0x000000000002d8b8                __sflush_r
 .text._fflush_r
                0x000000000002dad4       0x5c c:/intelfpga_lite/16.1/nios2eds/bin/gnu/h-x86_64-mingw32/bin/../lib/gcc/nios2-elf/5.3.0/../../../../../H-x86_64-mingw32/nios2-elf/lib\libc.a(lib_a-fflush.o)
                0x000000000002dad4                _fflush_r
 .text.fflush   0x000000000002db30       0x30 c:/intelfpga_lite/16.1/nios2eds/bin/gnu/h-x86_64-mingw32/bin/../lib/gcc/nios2-elf/5.3.0/../../../../../H-x86_64-mingw32/nios2-elf/lib\libc.a(lib_a-fflush.o)
                0x000000000002db30                fflush
 .text          0x000000000002db60        0x0 c:/intelfpga_lite/16.1/nios2eds/bin/gnu/h-x86_64-mingw32/bin/../lib/gcc/nios2-elf/5.3.0/../../../../../H-x86_64-mingw32/nios2-elf/lib\libc.a(lib_a-freer.o)
 .text._malloc_trim_r
                0x000000000002db60      0x124 c:/intelfpga_lite/16.1/nios2eds/bin/gnu/h-x86_64-mingw32/bin/../lib/gcc/nios2-elf/5.3.0/../../../../../H-x86_64-mingw32/nios2-elf/lib\libc.a(lib_a-freer.o)
                0x000000000002db60                _malloc_trim_r
 .text._free_r  0x000000000002dc84      0x310 c:/intelfpga_lite/16.1/nios2eds/bin/gnu/h-x86_64-mingw32/bin/../lib/gcc/nios2-elf/5.3.0/../../../../../H-x86_64-mingw32/nios2-elf/lib\libc.a(lib_a-freer.o)
                0x000000000002dc84                _free_r
 .text          0x000000000002df94        0x0 c:/intelfpga_lite/16.1/nios2eds/bin/gnu/h-x86_64-mingw32/bin/../lib/gcc/nios2-elf/5.3.0/../../../../../H-x86_64-mingw32/nios2-elf/lib\libc.a(lib_a-int_errno.o)
 .text          0x000000000002df94        0x0 c:/intelfpga_lite/16.1/nios2eds/bin/gnu/h-x86_64-mingw32/bin/../lib/gcc/nios2-elf/5.3.0/../../../../../H-x86_64-mingw32/nios2-elf/lib\libc.a(lib_a-lseekr.o)
 .text._lseek_r
                0x000000000002df94       0x60 c:/intelfpga_lite/16.1/nios2eds/bin/gnu/h-x86_64-mingw32/bin/../lib/gcc/nios2-elf/5.3.0/../../../../../H-x86_64-mingw32/nios2-elf/lib\libc.a(lib_a-lseekr.o)
                0x000000000002df94                _lseek_r
 .text          0x000000000002dff4        0x0 c:/intelfpga_lite/16.1/nios2eds/bin/gnu/h-x86_64-mingw32/bin/../lib/gcc/nios2-elf/5.3.0/../../../../../H-x86_64-mingw32/nios2-elf/lib\libc.a(lib_a-makebuf.o)
 .text.__smakebuf_r
                0x000000000002dff4      0x1bc c:/intelfpga_lite/16.1/nios2eds/bin/gnu/h-x86_64-mingw32/bin/../lib/gcc/nios2-elf/5.3.0/../../../../../H-x86_64-mingw32/nios2-elf/lib\libc.a(lib_a-makebuf.o)
                0x000000000002dff4                __smakebuf_r
 .text          0x000000000002e1b0        0x0 c:/intelfpga_lite/16.1/nios2eds/bin/gnu/h-x86_64-mingw32/bin/../lib/gcc/nios2-elf/5.3.0/../../../../../H-x86_64-mingw32/nios2-elf/lib\libc.a(lib_a-readr.o)
 .text._read_r  0x000000000002e1b0       0x60 c:/intelfpga_lite/16.1/nios2eds/bin/gnu/h-x86_64-mingw32/bin/../lib/gcc/nios2-elf/5.3.0/../../../../../H-x86_64-mingw32/nios2-elf/lib\libc.a(lib_a-readr.o)
                0x000000000002e1b0                _read_r
 .text          0x000000000002e210        0x0 c:/intelfpga_lite/16.1/nios2eds/bin/gnu/h-x86_64-mingw32/bin/../lib/gcc/nios2-elf/5.3.0/../../../../../H-x86_64-mingw32/nios2-elf/lib\libc.a(lib_a-fstatr.o)
 .text._fstat_r
                0x000000000002e210       0x5c c:/intelfpga_lite/16.1/nios2eds/bin/gnu/h-x86_64-mingw32/bin/../lib/gcc/nios2-elf/5.3.0/../../../../../H-x86_64-mingw32/nios2-elf/lib\libc.a(lib_a-fstatr.o)
                0x000000000002e210                _fstat_r
 .text          0x000000000002e26c        0x0 c:/intelfpga_lite/16.1/nios2eds/bin/gnu/h-x86_64-mingw32/bin/../lib/gcc/nios2-elf/5.3.0/../../../../../H-x86_64-mingw32/nios2-elf/lib\libc.a(lib_a-isattyr.o)
 .text._isatty_r
                0x000000000002e26c       0x54 c:/intelfpga_lite/16.1/nios2eds/bin/gnu/h-x86_64-mingw32/bin/../lib/gcc/nios2-elf/5.3.0/../../../../../H-x86_64-mingw32/nios2-elf/lib\libc.a(lib_a-isattyr.o)
                0x000000000002e26c                _isatty_r
 .text          0x000000000002e2c0      0x10c ../Garfield_bsp/\libhal_bsp.a(alt_close.o)
                0x000000000002e2fc                close
 .text          0x000000000002e3cc       0x2c ../Garfield_bsp/\libhal_bsp.a(alt_dev.o)
 .text          0x000000000002e3f8        0x0 ../Garfield_bsp/\libhal_bsp.a(alt_errno.o)
 .text          0x000000000002e3f8       0xec ../Garfield_bsp/\libhal_bsp.a(alt_fstat.o)
                0x000000000002e434                fstat
 .text          0x000000000002e4e4        0x0 ../Garfield_bsp/\libhal_bsp.a(alt_irq_handler.o)
 .text          0x000000000002e4e4        0x0 ../Garfield_bsp/\libhal_bsp.a(alt_irq_vars.o)
 .text          0x000000000002e4e4       0xe0 ../Garfield_bsp/\libhal_bsp.a(alt_isatty.o)
                0x000000000002e520                isatty
 .text          0x000000000002e5c4      0x110 ../Garfield_bsp/\libhal_bsp.a(alt_lseek.o)
                0x000000000002e600                lseek
 .text          0x000000000002e6d4       0x7c ../Garfield_bsp/\libhal_bsp.a(alt_main.o)
                0x000000000002e6d4                alt_main
 .text          0x000000000002e750       0x48 ../Garfield_bsp/\libhal_bsp.a(alt_malloc_lock.o)
                0x000000000002e750                __malloc_lock
                0x000000000002e774                __malloc_unlock
 .text          0x000000000002e798      0x138 ../Garfield_bsp/\libhal_bsp.a(alt_read.o)
                0x000000000002e7d4                read
 .text          0x000000000002e8d0       0x64 ../Garfield_bsp/\libhal_bsp.a(alt_release_fd.o)
                0x000000000002e8d0                alt_release_fd
 .text          0x000000000002e934       0xb0 ../Garfield_bsp/\libhal_bsp.a(alt_sbrk.o)
                0x000000000002e934                sbrk
 .text          0x000000000002e9e4      0x134 ../Garfield_bsp/\libhal_bsp.a(alt_write.o)
                0x000000000002ea20                write
 .text          0x000000000002eb18      0x1c4 ../Garfield_bsp/\libhal_bsp.a(alt_sys_init.o)
                0x000000000002ebf0                alt_irq_init
                0x000000000002ec28                alt_sys_init
 .text          0x000000000002ecdc       0x34 ../Garfield_bsp/\libhal_bsp.a(PWM_Generator.o)
                0x000000000002ecdc                PWMGen_Set_DutyCycle
 .text          0x000000000002ed10       0xac ../Garfield_bsp/\libhal_bsp.a(Rotary_Encoder.o)
                0x000000000002ed10                ROT_ENC_GetRotations
                0x000000000002ed3c                ROT_ENC_SetNewStatus
                0x000000000002ed74                ROT_ENC_ClearCounter
 .text          0x000000000002edbc      0xafc ../Garfield_bsp/\libhal_bsp.a(altera_avalon_epcs_flash_controller.o)
                0x000000000002edf0                alt_epcs_flash_init
                0x000000000002f328                alt_epcs_flash_write
                0x000000000002f588                alt_epcs_flash_get_info
                0x000000000002f6a8                alt_epcs_flash_erase_block
                0x000000000002f720                alt_epcs_flash_write_block
                0x000000000002f820                alt_epcs_flash_read
 .text          0x000000000002f8b8      0x164 ../Garfield_bsp/\libhal_bsp.a(altera_avalon_jtag_uart_fd.o)
                0x000000000002f8b8                altera_avalon_jtag_uart_read_fd
                0x000000000002f918                altera_avalon_jtag_uart_write_fd
                0x000000000002f978                altera_avalon_jtag_uart_close_fd
                0x000000000002f9c8                altera_avalon_jtag_uart_ioctl_fd
 .text          0x000000000002fa1c      0x3cc ../Garfield_bsp/\libhal_bsp.a(altera_avalon_jtag_uart_init.o)
                0x000000000002fa1c                altera_avalon_jtag_uart_init
                0x000000000002fd80                altera_avalon_jtag_uart_close
 .text          0x000000000002fde8       0xf0 ../Garfield_bsp/\libhal_bsp.a(altera_avalon_jtag_uart_ioctl.o)
                0x000000000002fde8                altera_avalon_jtag_uart_ioctl
 .text          0x000000000002fed8      0x21c ../Garfield_bsp/\libhal_bsp.a(altera_avalon_jtag_uart_read.o)
                0x000000000002fed8                altera_avalon_jtag_uart_read
 .text          0x00000000000300f4      0x224 ../Garfield_bsp/\libhal_bsp.a(altera_avalon_jtag_uart_write.o)
                0x00000000000300f4                altera_avalon_jtag_uart_write
 .text          0x0000000000030318      0x938 ../Garfield_bsp/\libhal_bsp.a(altera_avalon_mailbox_simple.o)
                0x0000000000030608                altera_avalon_mailbox_simple_init
                0x0000000000030680                altera_avalon_mailbox_open
                0x0000000000030844                altera_avalon_mailbox_close
                0x000000000003094c                altera_avalon_mailbox_status
                0x00000000000309c4                altera_avalon_mailbox_send
                0x0000000000030b14                altera_avalon_mailbox_retrieve_poll
 .text          0x0000000000030c50      0x2cc ../Garfield_bsp/\libhal_bsp.a(altera_avalon_mutex.o)
                0x0000000000030d08                altera_avalon_mutex_open
                0x0000000000030d5c                altera_avalon_mutex_close
                0x0000000000030d80                altera_avalon_mutex_lock
                0x0000000000030dc4                altera_avalon_mutex_trylock
                0x0000000000030e04                altera_avalon_mutex_unlock
                0x0000000000030e58                altera_avalon_mutex_is_mine
                0x0000000000030ecc                altera_avalon_mutex_first_lock
 .text          0x0000000000030f1c      0x1fc ../Garfield_bsp/\libhal_bsp.a(altera_avalon_spi.o)
                0x0000000000030f1c                alt_avalon_spi_command
 .text          0x0000000000031118       0xf0 ../Garfield_bsp/\libhal_bsp.a(altera_avalon_timer_sc.o)
                0x0000000000031194                alt_avalon_timer_sc_init
 .text          0x0000000000031208      0x63c ../Garfield_bsp/\libhal_bsp.a(epcs_commands.o)
                0x0000000000031208                epcs_read_status_register
                0x00000000000312d8                epcs_sector_erase
                0x00000000000313d4                epcs_read_buffer
                0x00000000000314c8                epcs_write_enable
                0x000000000003151c                epcs_write_status_register
                0x0000000000031588                epcs_write_buffer
                0x00000000000316a4                epcs_read_electronic_signature
                0x000000000003170c                epcs_read_device_id
                0x000000000003178c                epcs_enter_4_bytes_mode
                0x00000000000317e8                epcs_exit_4_bytes_mode
 .text          0x0000000000031844      0x270 ../Garfield_bsp/\libhal_bsp.a(i2c_opencores.o)
                0x0000000000031844                I2C_init
                0x00000000000318f8                I2C_start
                0x000000000003198c                I2C_read
                0x0000000000031a08                I2C_write
 .text          0x0000000000031ab4      0x12c ../Garfield_bsp/\libhal_bsp.a(alt_alarm_start.o)
                0x0000000000031ab4                alt_alarm_start
 .text          0x0000000000031be0       0xe0 ../Garfield_bsp/\libhal_bsp.a(alt_dev_llist_insert.o)
                0x0000000000031c1c                alt_dev_llist_insert
 .text          0x0000000000031cc0       0x60 ../Garfield_bsp/\libhal_bsp.a(alt_do_ctors.o)
                0x0000000000031cc0                _do_ctors
 .text          0x0000000000031d20       0x60 ../Garfield_bsp/\libhal_bsp.a(alt_do_dtors.o)
                0x0000000000031d20                _do_dtors
 .text          0x0000000000031d80       0x90 ../Garfield_bsp/\libhal_bsp.a(alt_find_dev.o)
                0x0000000000031d80                alt_find_dev
 .text          0x0000000000031e10       0xbc ../Garfield_bsp/\libhal_bsp.a(alt_flash_dev.o)
                0x0000000000031e10                alt_flash_open_dev
                0x0000000000031e78                alt_flash_close_dev
 .text          0x0000000000031ecc      0x140 ../Garfield_bsp/\libhal_bsp.a(alt_io_redirect.o)
                0x0000000000031f90                alt_io_redirect
 .text          0x000000000003200c      0x254 ../Garfield_bsp/\libhal_bsp.a(alt_open.o)
                0x000000000003210c                open
 .text          0x0000000000032260      0x1a4 ../Garfield_bsp/\libhal_bsp.a(alt_tick.o)
                0x0000000000032260                alt_alarm_stop
                0x00000000000322fc                alt_tick
 .text          0x0000000000032404       0x24 ../Garfield_bsp/\libhal_bsp.a(altera_nios2_gen2_irq.o)
                0x0000000000032404                altera_nios2_gen2_irq_init
 .text          0x0000000000032428      0x108 ../Garfield_bsp/\libhal_bsp.a(alt_find_file.o)
                0x0000000000032428                alt_find_file
 .text          0x0000000000032530       0xa4 ../Garfield_bsp/\libhal_bsp.a(alt_get_fd.o)
                0x0000000000032530                alt_get_fd
 .text          0x00000000000325d4        0x0 c:/intelfpga_lite/16.1/nios2eds/bin/gnu/h-x86_64-mingw32/bin/../lib/gcc/nios2-elf/5.3.0/../../../../../H-x86_64-mingw32/nios2-elf/lib\libc.a(lib_a-atexit.o)
 .text.atexit   0x00000000000325d4       0x14 c:/intelfpga_lite/16.1/nios2eds/bin/gnu/h-x86_64-mingw32/bin/../lib/gcc/nios2-elf/5.3.0/../../../../../H-x86_64-mingw32/nios2-elf/lib\libc.a(lib_a-atexit.o)
                0x00000000000325d4                atexit
 .text          0x00000000000325e8        0x0 c:/intelfpga_lite/16.1/nios2eds/bin/gnu/h-x86_64-mingw32/bin/../lib/gcc/nios2-elf/5.3.0/../../../../../H-x86_64-mingw32/nios2-elf/lib\libc.a(lib_a-exit.o)
 .text.exit     0x00000000000325e8       0x38 c:/intelfpga_lite/16.1/nios2eds/bin/gnu/h-x86_64-mingw32/bin/../lib/gcc/nios2-elf/5.3.0/../../../../../H-x86_64-mingw32/nios2-elf/lib\libc.a(lib_a-exit.o)
                0x00000000000325e8                exit
 .text          0x0000000000032620        0x0 c:/intelfpga_lite/16.1/nios2eds/bin/gnu/h-x86_64-mingw32/bin/../lib/gcc/nios2-elf/5.3.0/../../../../../H-x86_64-mingw32/nios2-elf/lib\libc.a(lib_a-memcmp.o)
 .text.memcmp   0x0000000000032620       0x7c c:/intelfpga_lite/16.1/nios2eds/bin/gnu/h-x86_64-mingw32/bin/../lib/gcc/nios2-elf/5.3.0/../../../../../H-x86_64-mingw32/nios2-elf/lib\libc.a(lib_a-memcmp.o)
                0x0000000000032620                memcmp
 .text          0x000000000003269c        0x0 c:/intelfpga_lite/16.1/nios2eds/bin/gnu/h-x86_64-mingw32/bin/../lib/gcc/nios2-elf/5.3.0/../../../../../H-x86_64-mingw32/nios2-elf/lib\libc.a(lib_a-__atexit.o)
 .text.__register_exitproc
                0x000000000003269c      0x118 c:/intelfpga_lite/16.1/nios2eds/bin/gnu/h-x86_64-mingw32/bin/../lib/gcc/nios2-elf/5.3.0/../../../../../H-x86_64-mingw32/nios2-elf/lib\libc.a(lib_a-__atexit.o)
                0x000000000003269c                __register_exitproc
 .text          0x00000000000327b4        0x0 c:/intelfpga_lite/16.1/nios2eds/bin/gnu/h-x86_64-mingw32/bin/../lib/gcc/nios2-elf/5.3.0/../../../../../H-x86_64-mingw32/nios2-elf/lib\libc.a(lib_a-__call_atexit.o)
 .text.__call_exitprocs
                0x00000000000327b4      0x180 c:/intelfpga_lite/16.1/nios2eds/bin/gnu/h-x86_64-mingw32/bin/../lib/gcc/nios2-elf/5.3.0/../../../../../H-x86_64-mingw32/nios2-elf/lib\libc.a(lib_a-__call_atexit.o)
                0x00000000000327b4                __call_exitprocs
 .text          0x0000000000032934       0x34 ../Garfield_bsp/\libhal_bsp.a(alt_exit.o)
                0x0000000000032934                _exit
 *(.gnu.warning.*)
 *(.fini)
                [!provide]                        PROVIDE (__etext, ABSOLUTE (.))
                [!provide]                        PROVIDE (_etext, ABSOLUTE (.))
                [!provide]                        PROVIDE (etext, ABSOLUTE (.))
 *(.eh_frame_hdr)
                0x0000000000032968                . = ALIGN (0x4)
                [!provide]                        PROVIDE (__preinit_array_start, ABSOLUTE (.))
 *(.preinit_array)
                [!provide]                        PROVIDE (__preinit_array_end, ABSOLUTE (.))
                [!provide]                        PROVIDE (__init_array_start, ABSOLUTE (.))
 *(.init_array)
                [!provide]                        PROVIDE (__init_array_end, ABSOLUTE (.))
                [!provide]                        PROVIDE (__fini_array_start, ABSOLUTE (.))
 *(.fini_array)
                [!provide]                        PROVIDE (__fini_array_end, ABSOLUTE (.))
 *(.eh_frame)
 *(.gcc_except_table .gcc_except_table.*)
 *(.dynamic)
                0x0000000000032968                PROVIDE (__CTOR_LIST__, ABSOLUTE (.))
 *(.ctors)
 .ctors         0x0000000000032968        0x4 obj/default/tasks/tasks_nios.o
 *(SORT(.ctors.*))
                0x000000000003296c                PROVIDE (__CTOR_END__, ABSOLUTE (.))
                0x000000000003296c                PROVIDE (__DTOR_LIST__, ABSOLUTE (.))
 *(.dtors)
 *(SORT(.dtors.*))
                0x000000000003296c                PROVIDE (__DTOR_END__, ABSOLUTE (.))
 *(.jcr)
                0x000000000003296c                . = ALIGN (0x4)

.rodata         0x000000000003296c      0x728
                [!provide]                        PROVIDE (__ram_rodata_start, ABSOLUTE (.))
                0x000000000003296c                . = ALIGN (0x4)
 *(.rodata .rodata.* .gnu.linkonce.r.*)
 .rodata        0x000000000003296c       0x14 obj/default/hello_world.o
 .rodata        0x0000000000032980        0x5 obj/default/os/Source/tasks.o
 .rodata        0x0000000000032985      0x500 obj/default/driver/Display.o
 *fill*         0x0000000000032e85        0x3 
 .rodata        0x0000000000032e88       0x26 obj/default/os/main.o
 .rodata        0x0000000000032eae      0x100 c:/intelfpga_lite/16.1/nios2eds/bin/gnu/h-x86_64-mingw32/bin/../lib/gcc/nios2-elf/5.3.0\libgcc.a(_clz.o)
                0x0000000000032eae                __clz_tab
 *fill*         0x0000000000032fae        0x2 
 .rodata.str1.4
                0x0000000000032fb0        0x2 c:/intelfpga_lite/16.1/nios2eds/bin/gnu/h-x86_64-mingw32/bin/../lib/gcc/nios2-elf/5.3.0/../../../../../H-x86_64-mingw32/nios2-elf/lib\libc.a(lib_a-puts.o)
 *fill*         0x0000000000032fb2        0x2 
 .rodata.str1.4
                0x0000000000032fb4        0x4 c:/intelfpga_lite/16.1/nios2eds/bin/gnu/h-x86_64-mingw32/bin/../lib/gcc/nios2-elf/5.3.0/../../../../../H-x86_64-mingw32/nios2-elf/lib\libc.a(lib_a-impure.o)
                                          0x2 (size before relaxing)
 .rodata        0x0000000000032fb8        0xa ../Garfield_bsp/\libhal_bsp.a(alt_dev.o)
 *fill*         0x0000000000032fc2        0x2 
 .rodata        0x0000000000032fc4       0x15 ../Garfield_bsp/\libhal_bsp.a(alt_main.o)
 *fill*         0x0000000000032fd9        0x3 
 .rodata        0x0000000000032fdc       0xb7 ../Garfield_bsp/\libhal_bsp.a(alt_sys_init.o)
 *(.rodata1)
                0x0000000000033094                . = ALIGN (0x4)
 *fill*         0x0000000000033093        0x1 
                [!provide]                        PROVIDE (__ram_rodata_end, ABSOLUTE (.))
                [!provide]                        PROVIDE (__flash_rodata_start, LOADADDR (.rodata))

.rwdata         0x0000000000033094     0x1c18
                [!provide]                        PROVIDE (__ram_rwdata_start, ABSOLUTE (.))
                0x0000000000033094                . = ALIGN (0x4)
 *(.got.plt)
 *(.got)
 *(.data1)
 *(.data .data.* .gnu.linkonce.d.*)
 .data          0x0000000000033094        0x0 ../Garfield_bsp//obj/HAL/src/crt0.o
 .data          0x0000000000033094        0x0 obj/default/hello_world.o
 .data          0x0000000000033094        0x0 obj/default/os/Source/croutine.o
 .data          0x0000000000033094        0x0 obj/default/os/Source/event_groups.o
 .data          0x0000000000033094        0x0 obj/default/os/Source/heap_1.o
 .data          0x0000000000033094        0x0 obj/default/os/Source/list.o
 .data          0x0000000000033094        0x0 obj/default/os/Source/portable/port.o
 .data          0x0000000000033094        0x0 obj/default/os/Source/queue.o
 .data          0x0000000000033094        0x0 obj/default/os/Source/tasks.o
 .data          0x0000000000033094        0x0 obj/default/os/Source/timers.o
 .data          0x0000000000033094        0x0 obj/default/ARM_NIOS/alf_sharedmemory.o
 .data          0x0000000000033094        0x0 obj/default/ARM_NIOS_HQ/alf_data_info.o
 .data          0x0000000000033094        0x0 obj/default/driver/Display.o
 .data          0x0000000000033094        0x0 obj/default/driver/Drive.o
 .data          0x0000000000033094        0x0 obj/default/driver/Steering.o
 .data          0x0000000000033094        0x0 obj/default/driver/mpu6050.o
 .data          0x0000000000033094        0x0 obj/default/driver/ultrasonic.o
 .data          0x0000000000033094        0x0 obj/default/os/main.o
 .data          0x0000000000033094        0x0 obj/default/tasks/tasks_nios.o
 .data          0x0000000000033094        0x0 obj/default/os/Source/portable/port_asm.o
 .data          0x0000000000033094        0x0 c:/intelfpga_lite/16.1/nios2eds/bin/gnu/h-x86_64-mingw32/bin/../lib/gcc/nios2-elf/5.3.0\libgcc.a(_fixunssfsi.o)
 .data          0x0000000000033094        0x0 c:/intelfpga_lite/16.1/nios2eds/bin/gnu/h-x86_64-mingw32/bin/../lib/gcc/nios2-elf/5.3.0\libgcc.a(_fixunsdfsi.o)
 .data          0x0000000000033094        0x0 c:/intelfpga_lite/16.1/nios2eds/bin/gnu/h-x86_64-mingw32/bin/../lib/gcc/nios2-elf/5.3.0\libgcc.a(lib2-divmod.o)
 .data          0x0000000000033094        0x0 c:/intelfpga_lite/16.1/nios2eds/bin/gnu/h-x86_64-mingw32/bin/../lib/gcc/nios2-elf/5.3.0\libgcc.a(divsf3.o)
 .data          0x0000000000033094        0x0 c:/intelfpga_lite/16.1/nios2eds/bin/gnu/h-x86_64-mingw32/bin/../lib/gcc/nios2-elf/5.3.0\libgcc.a(gesf2.o)
 .data          0x0000000000033094        0x0 c:/intelfpga_lite/16.1/nios2eds/bin/gnu/h-x86_64-mingw32/bin/../lib/gcc/nios2-elf/5.3.0\libgcc.a(mulsf3.o)
 .data          0x0000000000033094        0x0 c:/intelfpga_lite/16.1/nios2eds/bin/gnu/h-x86_64-mingw32/bin/../lib/gcc/nios2-elf/5.3.0\libgcc.a(subsf3.o)
 .data          0x0000000000033094        0x0 c:/intelfpga_lite/16.1/nios2eds/bin/gnu/h-x86_64-mingw32/bin/../lib/gcc/nios2-elf/5.3.0\libgcc.a(fixsfsi.o)
 .data          0x0000000000033094        0x0 c:/intelfpga_lite/16.1/nios2eds/bin/gnu/h-x86_64-mingw32/bin/../lib/gcc/nios2-elf/5.3.0\libgcc.a(floatsisf.o)
 .data          0x0000000000033094        0x0 c:/intelfpga_lite/16.1/nios2eds/bin/gnu/h-x86_64-mingw32/bin/../lib/gcc/nios2-elf/5.3.0\libgcc.a(floatunsisf.o)
 .data          0x0000000000033094        0x0 c:/intelfpga_lite/16.1/nios2eds/bin/gnu/h-x86_64-mingw32/bin/../lib/gcc/nios2-elf/5.3.0\libgcc.a(adddf3.o)
 .data          0x0000000000033094        0x0 c:/intelfpga_lite/16.1/nios2eds/bin/gnu/h-x86_64-mingw32/bin/../lib/gcc/nios2-elf/5.3.0\libgcc.a(divdf3.o)
 .data          0x0000000000033094        0x0 c:/intelfpga_lite/16.1/nios2eds/bin/gnu/h-x86_64-mingw32/bin/../lib/gcc/nios2-elf/5.3.0\libgcc.a(gedf2.o)
 .data          0x0000000000033094        0x0 c:/intelfpga_lite/16.1/nios2eds/bin/gnu/h-x86_64-mingw32/bin/../lib/gcc/nios2-elf/5.3.0\libgcc.a(muldf3.o)
 .data          0x0000000000033094        0x0 c:/intelfpga_lite/16.1/nios2eds/bin/gnu/h-x86_64-mingw32/bin/../lib/gcc/nios2-elf/5.3.0\libgcc.a(subdf3.o)
 .data          0x0000000000033094        0x0 c:/intelfpga_lite/16.1/nios2eds/bin/gnu/h-x86_64-mingw32/bin/../lib/gcc/nios2-elf/5.3.0\libgcc.a(fixdfsi.o)
 .data          0x0000000000033094        0x0 c:/intelfpga_lite/16.1/nios2eds/bin/gnu/h-x86_64-mingw32/bin/../lib/gcc/nios2-elf/5.3.0\libgcc.a(floatsidf.o)
 .data          0x0000000000033094        0x0 c:/intelfpga_lite/16.1/nios2eds/bin/gnu/h-x86_64-mingw32/bin/../lib/gcc/nios2-elf/5.3.0\libgcc.a(floatunsidf.o)
 .data          0x0000000000033094        0x0 c:/intelfpga_lite/16.1/nios2eds/bin/gnu/h-x86_64-mingw32/bin/../lib/gcc/nios2-elf/5.3.0\libgcc.a(extendsfdf2.o)
 .data          0x0000000000033094        0x0 c:/intelfpga_lite/16.1/nios2eds/bin/gnu/h-x86_64-mingw32/bin/../lib/gcc/nios2-elf/5.3.0\libgcc.a(truncdfsf2.o)
 .data          0x0000000000033094        0x0 c:/intelfpga_lite/16.1/nios2eds/bin/gnu/h-x86_64-mingw32/bin/../lib/gcc/nios2-elf/5.3.0\libgcc.a(_clzsi2.o)
 .data          0x0000000000033094        0x0 c:/intelfpga_lite/16.1/nios2eds/bin/gnu/h-x86_64-mingw32/bin/../lib/gcc/nios2-elf/5.3.0\libgcc.a(_clz.o)
 .data          0x0000000000033094        0x0 c:/intelfpga_lite/16.1/nios2eds/bin/gnu/h-x86_64-mingw32/bin/../lib/gcc/nios2-elf/5.3.0/../../../../../H-x86_64-mingw32/nios2-elf/lib\libc.a(lib_a-memcpy.o)
 .data          0x0000000000033094        0x0 c:/intelfpga_lite/16.1/nios2eds/bin/gnu/h-x86_64-mingw32/bin/../lib/gcc/nios2-elf/5.3.0/../../../../../H-x86_64-mingw32/nios2-elf/lib\libc.a(lib_a-memset.o)
 .data          0x0000000000033094        0x0 c:/intelfpga_lite/16.1/nios2eds/bin/gnu/h-x86_64-mingw32/bin/../lib/gcc/nios2-elf/5.3.0/../../../../../H-x86_64-mingw32/nios2-elf/lib\libc.a(lib_a-puts.o)
 .data          0x0000000000033094        0x0 c:/intelfpga_lite/16.1/nios2eds/bin/gnu/h-x86_64-mingw32/bin/../lib/gcc/nios2-elf/5.3.0/../../../../../H-x86_64-mingw32/nios2-elf/lib\libc.a(lib_a-strlen.o)
 .data          0x0000000000033094        0x0 c:/intelfpga_lite/16.1/nios2eds/bin/gnu/h-x86_64-mingw32/bin/../lib/gcc/nios2-elf/5.3.0/../../../../../H-x86_64-mingw32/nios2-elf/lib\libc.a(lib_a-findfp.o)
 .data          0x0000000000033094        0x0 c:/intelfpga_lite/16.1/nios2eds/bin/gnu/h-x86_64-mingw32/bin/../lib/gcc/nios2-elf/5.3.0/../../../../../H-x86_64-mingw32/nios2-elf/lib\libc.a(lib_a-fvwrite.o)
 .data          0x0000000000033094        0x0 c:/intelfpga_lite/16.1/nios2eds/bin/gnu/h-x86_64-mingw32/bin/../lib/gcc/nios2-elf/5.3.0/../../../../../H-x86_64-mingw32/nios2-elf/lib\libc.a(lib_a-fwalk.o)
 .data          0x0000000000033094        0x0 c:/intelfpga_lite/16.1/nios2eds/bin/gnu/h-x86_64-mingw32/bin/../lib/gcc/nios2-elf/5.3.0/../../../../../H-x86_64-mingw32/nios2-elf/lib\libc.a(lib_a-impure.o)
 .data.impure_data
                0x0000000000033094      0x424 c:/intelfpga_lite/16.1/nios2eds/bin/gnu/h-x86_64-mingw32/bin/../lib/gcc/nios2-elf/5.3.0/../../../../../H-x86_64-mingw32/nios2-elf/lib\libc.a(lib_a-impure.o)
 .data          0x00000000000334b8        0x0 c:/intelfpga_lite/16.1/nios2eds/bin/gnu/h-x86_64-mingw32/bin/../lib/gcc/nios2-elf/5.3.0/../../../../../H-x86_64-mingw32/nios2-elf/lib\libc.a(lib_a-mallocr.o)
 .data.__malloc_av_
                0x00000000000334b8      0x408 c:/intelfpga_lite/16.1/nios2eds/bin/gnu/h-x86_64-mingw32/bin/../lib/gcc/nios2-elf/5.3.0/../../../../../H-x86_64-mingw32/nios2-elf/lib\libc.a(lib_a-mallocr.o)
                0x00000000000334b8                __malloc_av_
 .data          0x00000000000338c0        0x0 c:/intelfpga_lite/16.1/nios2eds/bin/gnu/h-x86_64-mingw32/bin/../lib/gcc/nios2-elf/5.3.0/../../../../../H-x86_64-mingw32/nios2-elf/lib\libc.a(lib_a-memchr.o)
 .data          0x00000000000338c0        0x0 c:/intelfpga_lite/16.1/nios2eds/bin/gnu/h-x86_64-mingw32/bin/../lib/gcc/nios2-elf/5.3.0/../../../../../H-x86_64-mingw32/nios2-elf/lib\libc.a(lib_a-memmove.o)
 .data          0x00000000000338c0        0x0 c:/intelfpga_lite/16.1/nios2eds/bin/gnu/h-x86_64-mingw32/bin/../lib/gcc/nios2-elf/5.3.0/../../../../../H-x86_64-mingw32/nios2-elf/lib\libc.a(lib_a-reallocr.o)
 .data          0x00000000000338c0        0x0 c:/intelfpga_lite/16.1/nios2eds/bin/gnu/h-x86_64-mingw32/bin/../lib/gcc/nios2-elf/5.3.0/../../../../../H-x86_64-mingw32/nios2-elf/lib\libc.a(lib_a-sbrkr.o)
 .data          0x00000000000338c0        0x0 c:/intelfpga_lite/16.1/nios2eds/bin/gnu/h-x86_64-mingw32/bin/../lib/gcc/nios2-elf/5.3.0/../../../../../H-x86_64-mingw32/nios2-elf/lib\libc.a(lib_a-stdio.o)
 .data          0x00000000000338c0        0x0 c:/intelfpga_lite/16.1/nios2eds/bin/gnu/h-x86_64-mingw32/bin/../lib/gcc/nios2-elf/5.3.0/../../../../../H-x86_64-mingw32/nios2-elf/lib\libc.a(lib_a-writer.o)
 .data          0x00000000000338c0        0x0 c:/intelfpga_lite/16.1/nios2eds/bin/gnu/h-x86_64-mingw32/bin/../lib/gcc/nios2-elf/5.3.0/../../../../../H-x86_64-mingw32/nios2-elf/lib\libc.a(lib_a-wsetup.o)
 .data          0x00000000000338c0        0x0 c:/intelfpga_lite/16.1/nios2eds/bin/gnu/h-x86_64-mingw32/bin/../lib/gcc/nios2-elf/5.3.0/../../../../../H-x86_64-mingw32/nios2-elf/lib\libc.a(closer.o)
 .data          0x00000000000338c0        0x0 c:/intelfpga_lite/16.1/nios2eds/bin/gnu/h-x86_64-mingw32/bin/../lib/gcc/nios2-elf/5.3.0/../../../../../H-x86_64-mingw32/nios2-elf/lib\libc.a(lib_a-fclose.o)
 .data          0x00000000000338c0        0x0 c:/intelfpga_lite/16.1/nios2eds/bin/gnu/h-x86_64-mingw32/bin/../lib/gcc/nios2-elf/5.3.0/../../../../../H-x86_64-mingw32/nios2-elf/lib\libc.a(lib_a-fflush.o)
 .data          0x00000000000338c0        0x0 c:/intelfpga_lite/16.1/nios2eds/bin/gnu/h-x86_64-mingw32/bin/../lib/gcc/nios2-elf/5.3.0/../../../../../H-x86_64-mingw32/nios2-elf/lib\libc.a(lib_a-freer.o)
 .data          0x00000000000338c0        0x0 c:/intelfpga_lite/16.1/nios2eds/bin/gnu/h-x86_64-mingw32/bin/../lib/gcc/nios2-elf/5.3.0/../../../../../H-x86_64-mingw32/nios2-elf/lib\libc.a(lib_a-int_errno.o)
 .data          0x00000000000338c0        0x0 c:/intelfpga_lite/16.1/nios2eds/bin/gnu/h-x86_64-mingw32/bin/../lib/gcc/nios2-elf/5.3.0/../../../../../H-x86_64-mingw32/nios2-elf/lib\libc.a(lib_a-lseekr.o)
 .data          0x00000000000338c0        0x0 c:/intelfpga_lite/16.1/nios2eds/bin/gnu/h-x86_64-mingw32/bin/../lib/gcc/nios2-elf/5.3.0/../../../../../H-x86_64-mingw32/nios2-elf/lib\libc.a(lib_a-makebuf.o)
 .data          0x00000000000338c0        0x0 c:/intelfpga_lite/16.1/nios2eds/bin/gnu/h-x86_64-mingw32/bin/../lib/gcc/nios2-elf/5.3.0/../../../../../H-x86_64-mingw32/nios2-elf/lib\libc.a(lib_a-readr.o)
 .data          0x00000000000338c0        0x0 c:/intelfpga_lite/16.1/nios2eds/bin/gnu/h-x86_64-mingw32/bin/../lib/gcc/nios2-elf/5.3.0/../../../../../H-x86_64-mingw32/nios2-elf/lib\libc.a(lib_a-fstatr.o)
 .data          0x00000000000338c0        0x0 c:/intelfpga_lite/16.1/nios2eds/bin/gnu/h-x86_64-mingw32/bin/../lib/gcc/nios2-elf/5.3.0/../../../../../H-x86_64-mingw32/nios2-elf/lib\libc.a(lib_a-isattyr.o)
 .data          0x00000000000338c0        0x0 ../Garfield_bsp/\libhal_bsp.a(alt_close.o)
 .data          0x00000000000338c0      0x1a8 ../Garfield_bsp/\libhal_bsp.a(alt_dev.o)
                0x00000000000338c0                alt_dev_null
                0x00000000000338e8                alt_fd_list
 .data          0x0000000000033a68        0x0 ../Garfield_bsp/\libhal_bsp.a(alt_errno.o)
 .data          0x0000000000033a68        0x0 ../Garfield_bsp/\libhal_bsp.a(alt_fstat.o)
 .data          0x0000000000033a68        0x0 ../Garfield_bsp/\libhal_bsp.a(alt_irq_handler.o)
 .data          0x0000000000033a68        0x0 ../Garfield_bsp/\libhal_bsp.a(alt_irq_vars.o)
 .data          0x0000000000033a68        0x0 ../Garfield_bsp/\libhal_bsp.a(alt_isatty.o)
 .data          0x0000000000033a68        0x0 ../Garfield_bsp/\libhal_bsp.a(alt_lseek.o)
 .data          0x0000000000033a68        0x0 ../Garfield_bsp/\libhal_bsp.a(alt_main.o)
 .data          0x0000000000033a68        0x0 ../Garfield_bsp/\libhal_bsp.a(alt_malloc_lock.o)
 .data          0x0000000000033a68        0x0 ../Garfield_bsp/\libhal_bsp.a(alt_read.o)
 .data          0x0000000000033a68        0x0 ../Garfield_bsp/\libhal_bsp.a(alt_release_fd.o)
 .data          0x0000000000033a68        0x0 ../Garfield_bsp/\libhal_bsp.a(alt_sbrk.o)
 .data          0x0000000000033a68        0x0 ../Garfield_bsp/\libhal_bsp.a(alt_write.o)
 .data          0x0000000000033a68     0x11dc ../Garfield_bsp/\libhal_bsp.a(alt_sys_init.o)
 .data          0x0000000000034c44        0x0 ../Garfield_bsp/\libhal_bsp.a(PWM_Generator.o)
 .data          0x0000000000034c44        0x0 ../Garfield_bsp/\libhal_bsp.a(Rotary_Encoder.o)
 .data          0x0000000000034c44        0x0 ../Garfield_bsp/\libhal_bsp.a(altera_avalon_epcs_flash_controller.o)
 .data          0x0000000000034c44        0x0 ../Garfield_bsp/\libhal_bsp.a(altera_avalon_jtag_uart_fd.o)
 .data          0x0000000000034c44        0x0 ../Garfield_bsp/\libhal_bsp.a(altera_avalon_jtag_uart_init.o)
 .data          0x0000000000034c44        0x0 ../Garfield_bsp/\libhal_bsp.a(altera_avalon_jtag_uart_ioctl.o)
 .data          0x0000000000034c44        0x0 ../Garfield_bsp/\libhal_bsp.a(altera_avalon_jtag_uart_read.o)
 .data          0x0000000000034c44        0x0 ../Garfield_bsp/\libhal_bsp.a(altera_avalon_jtag_uart_write.o)
 .data          0x0000000000034c44        0x0 ../Garfield_bsp/\libhal_bsp.a(altera_avalon_mailbox_simple.o)
 .data          0x0000000000034c44        0x0 ../Garfield_bsp/\libhal_bsp.a(altera_avalon_mutex.o)
 .data          0x0000000000034c44        0x0 ../Garfield_bsp/\libhal_bsp.a(altera_avalon_spi.o)
 .data          0x0000000000034c44        0x0 ../Garfield_bsp/\libhal_bsp.a(altera_avalon_timer_sc.o)
 .data          0x0000000000034c44        0x0 ../Garfield_bsp/\libhal_bsp.a(epcs_commands.o)
 .data          0x0000000000034c44        0x0 ../Garfield_bsp/\libhal_bsp.a(i2c_opencores.o)
 .data          0x0000000000034c44        0x0 ../Garfield_bsp/\libhal_bsp.a(alt_alarm_start.o)
 .data          0x0000000000034c44        0x0 ../Garfield_bsp/\libhal_bsp.a(alt_dev_llist_insert.o)
 .data          0x0000000000034c44        0x0 ../Garfield_bsp/\libhal_bsp.a(alt_do_ctors.o)
 .data          0x0000000000034c44        0x0 ../Garfield_bsp/\libhal_bsp.a(alt_do_dtors.o)
 .data          0x0000000000034c44        0x0 ../Garfield_bsp/\libhal_bsp.a(alt_find_dev.o)
 .data          0x0000000000034c44        0x0 ../Garfield_bsp/\libhal_bsp.a(alt_flash_dev.o)
 .data          0x0000000000034c44        0x0 ../Garfield_bsp/\libhal_bsp.a(alt_io_redirect.o)
 .data          0x0000000000034c44        0x0 ../Garfield_bsp/\libhal_bsp.a(alt_open.o)
 .data          0x0000000000034c44        0x0 ../Garfield_bsp/\libhal_bsp.a(alt_tick.o)
 .data          0x0000000000034c44        0x0 ../Garfield_bsp/\libhal_bsp.a(altera_nios2_gen2_irq.o)
 .data          0x0000000000034c44        0x0 ../Garfield_bsp/\libhal_bsp.a(alt_find_file.o)
 .data          0x0000000000034c44        0x0 ../Garfield_bsp/\libhal_bsp.a(alt_get_fd.o)
 .data          0x0000000000034c44        0x0 c:/intelfpga_lite/16.1/nios2eds/bin/gnu/h-x86_64-mingw32/bin/../lib/gcc/nios2-elf/5.3.0/../../../../../H-x86_64-mingw32/nios2-elf/lib\libc.a(lib_a-atexit.o)
 .data          0x0000000000034c44        0x0 c:/intelfpga_lite/16.1/nios2eds/bin/gnu/h-x86_64-mingw32/bin/../lib/gcc/nios2-elf/5.3.0/../../../../../H-x86_64-mingw32/nios2-elf/lib\libc.a(lib_a-exit.o)
 .data          0x0000000000034c44        0x0 c:/intelfpga_lite/16.1/nios2eds/bin/gnu/h-x86_64-mingw32/bin/../lib/gcc/nios2-elf/5.3.0/../../../../../H-x86_64-mingw32/nios2-elf/lib\libc.a(lib_a-memcmp.o)
 .data          0x0000000000034c44        0x0 c:/intelfpga_lite/16.1/nios2eds/bin/gnu/h-x86_64-mingw32/bin/../lib/gcc/nios2-elf/5.3.0/../../../../../H-x86_64-mingw32/nios2-elf/lib\libc.a(lib_a-__atexit.o)
 .data          0x0000000000034c44        0x0 c:/intelfpga_lite/16.1/nios2eds/bin/gnu/h-x86_64-mingw32/bin/../lib/gcc/nios2-elf/5.3.0/../../../../../H-x86_64-mingw32/nios2-elf/lib\libc.a(lib_a-__call_atexit.o)
 .data          0x0000000000034c44        0x0 ../Garfield_bsp/\libhal_bsp.a(alt_exit.o)
                0x000000000003cc44                _gp = ABSOLUTE ((. + 0x8000))
                [!provide]                        PROVIDE (gp, _gp)
 *(.rwdata .rwdata.*)
 *(.sdata .sdata.* .gnu.linkonce.s.*)
 .sdata         0x0000000000034c44        0x2 obj/default/ARM_NIOS/alf_sharedmemory.o
 .sdata         0x0000000000034c46        0x2 obj/default/driver/Drive.o
                0x0000000000034c46                Drive::mot_dir_pin
                0x0000000000034c47                Drive::max_speed_percent
 .sdata         0x0000000000034c48        0x1 obj/default/driver/Steering.o
                0x0000000000034c48                Steering::max_angle_delta
 .sdata         0x0000000000034c49        0x2 obj/default/os/main.o
 *fill*         0x0000000000034c4b        0x1 
 .sdata         0x0000000000034c4c        0xe obj/default/tasks/tasks_nios.o
 *fill*         0x0000000000034c5a        0x2 
 .sdata._global_impure_ptr
                0x0000000000034c5c        0x4 c:/intelfpga_lite/16.1/nios2eds/bin/gnu/h-x86_64-mingw32/bin/../lib/gcc/nios2-elf/5.3.0/../../../../../H-x86_64-mingw32/nios2-elf/lib\libc.a(lib_a-impure.o)
                0x0000000000034c5c                _global_impure_ptr
 .sdata._impure_ptr
                0x0000000000034c60        0x4 c:/intelfpga_lite/16.1/nios2eds/bin/gnu/h-x86_64-mingw32/bin/../lib/gcc/nios2-elf/5.3.0/../../../../../H-x86_64-mingw32/nios2-elf/lib\libc.a(lib_a-impure.o)
                0x0000000000034c60                _impure_ptr
 .sdata.__malloc_sbrk_base
                0x0000000000034c64        0x4 c:/intelfpga_lite/16.1/nios2eds/bin/gnu/h-x86_64-mingw32/bin/../lib/gcc/nios2-elf/5.3.0/../../../../../H-x86_64-mingw32/nios2-elf/lib\libc.a(lib_a-mallocr.o)
                0x0000000000034c64                __malloc_sbrk_base
 .sdata.__malloc_trim_threshold
                0x0000000000034c68        0x4 c:/intelfpga_lite/16.1/nios2eds/bin/gnu/h-x86_64-mingw32/bin/../lib/gcc/nios2-elf/5.3.0/../../../../../H-x86_64-mingw32/nios2-elf/lib\libc.a(lib_a-mallocr.o)
                0x0000000000034c68                __malloc_trim_threshold
 .sdata         0x0000000000034c6c       0x14 ../Garfield_bsp/\libhal_bsp.a(alt_dev.o)
                0x0000000000034c6c                alt_fs_list
                0x0000000000034c74                alt_dev_list
                0x0000000000034c7c                alt_max_fd
 .sdata         0x0000000000034c80        0x4 ../Garfield_bsp/\libhal_bsp.a(alt_errno.o)
                0x0000000000034c80                alt_errno
 .sdata         0x0000000000034c84        0x4 ../Garfield_bsp/\libhal_bsp.a(alt_irq_vars.o)
                0x0000000000034c84                alt_priority_mask
 .sdata         0x0000000000034c88        0x4 ../Garfield_bsp/\libhal_bsp.a(alt_sbrk.o)
 .sdata         0x0000000000034c8c        0x8 ../Garfield_bsp/\libhal_bsp.a(altera_avalon_mailbox_simple.o)
                0x0000000000034c8c                alt_mailbox_simple_list
 .sdata         0x0000000000034c94        0x8 ../Garfield_bsp/\libhal_bsp.a(altera_avalon_mutex.o)
                0x0000000000034c94                alt_mutex_list
 .sdata         0x0000000000034c9c        0x8 ../Garfield_bsp/\libhal_bsp.a(alt_flash_dev.o)
                0x0000000000034c9c                alt_flash_dev_list
 .sdata         0x0000000000034ca4        0x8 ../Garfield_bsp/\libhal_bsp.a(alt_tick.o)
                0x0000000000034ca4                alt_alarm_list
 *(.sdata2 .sdata2.* .gnu.linkonce.s2.*)
                0x0000000000034cac                . = ALIGN (0x4)
                0x0000000000034cac                _edata = ABSOLUTE (.)
                [!provide]                        PROVIDE (edata, ABSOLUTE (.))
                [!provide]                        PROVIDE (__ram_rwdata_end, ABSOLUTE (.))
                [!provide]                        PROVIDE (__flash_rwdata_start, LOADADDR (.rwdata))

.bss            0x0000000000034cac     0x436c
                0x0000000000034cac                __bss_start = ABSOLUTE (.)
                [!provide]                        PROVIDE (__sbss_start, ABSOLUTE (.))
                [!provide]                        PROVIDE (___sbss_start, ABSOLUTE (.))
 *(.dynsbss)
 *(.sbss .sbss.* .gnu.linkonce.sb.*)
 .sbss          0x0000000000034cac        0x8 obj/default/os/Source/heap_1.o
 .sbss          0x0000000000034cb4       0x38 obj/default/os/Source/tasks.o
                0x0000000000034cb4                pxCurrentTCB
 .sbss          0x0000000000034cec        0x4 obj/default/ARM_NIOS_HQ/alf_data_info.o
                0x0000000000034cec                global_drive_command
 .sbss          0x0000000000034cf0        0x6 obj/default/driver/Display.o
                0x0000000000034cf0                Display::_currentLine
                0x0000000000034cf2                Display::_bgcolor
 .sbss          0x0000000000034cf6        0x4 obj/default/driver/Drive.o
                0x0000000000034cf6                Drive::block_front_dir
                0x0000000000034cf7                Drive::block_rear_dir
                0x0000000000034cf8                Drive::current_speed
                0x0000000000034cf9                Drive::current_direction
 *fill*         0x0000000000034cfa        0x2 
 .sbss          0x0000000000034cfc        0x4 obj/default/driver/Steering.o
                0x0000000000034cfc                Steering::val_per_deg
 .sbss          0x0000000000034d00       0x10 obj/default/tasks/tasks_nios.o
                0x0000000000034d00                writeTask
 .sbss.__malloc_max_total_mem
                0x0000000000034d10        0x4 c:/intelfpga_lite/16.1/nios2eds/bin/gnu/h-x86_64-mingw32/bin/../lib/gcc/nios2-elf/5.3.0/../../../../../H-x86_64-mingw32/nios2-elf/lib\libc.a(lib_a-mallocr.o)
                0x0000000000034d10                __malloc_max_total_mem
 .sbss.__malloc_max_sbrked_mem
                0x0000000000034d14        0x4 c:/intelfpga_lite/16.1/nios2eds/bin/gnu/h-x86_64-mingw32/bin/../lib/gcc/nios2-elf/5.3.0/../../../../../H-x86_64-mingw32/nios2-elf/lib\libc.a(lib_a-mallocr.o)
                0x0000000000034d14                __malloc_max_sbrked_mem
 .sbss.__malloc_top_pad
                0x0000000000034d18        0x4 c:/intelfpga_lite/16.1/nios2eds/bin/gnu/h-x86_64-mingw32/bin/../lib/gcc/nios2-elf/5.3.0/../../../../../H-x86_64-mingw32/nios2-elf/lib\libc.a(lib_a-mallocr.o)
                0x0000000000034d18                __malloc_top_pad
 .sbss          0x0000000000034d1c        0x4 c:/intelfpga_lite/16.1/nios2eds/bin/gnu/h-x86_64-mingw32/bin/../lib/gcc/nios2-elf/5.3.0/../../../../../H-x86_64-mingw32/nios2-elf/lib\libc.a(lib_a-int_errno.o)
                0x0000000000034d1c                errno
 .sbss          0x0000000000034d20        0x4 ../Garfield_bsp/\libhal_bsp.a(alt_irq_vars.o)
                0x0000000000034d20                alt_irq_active
 .sbss          0x0000000000034d24        0xc ../Garfield_bsp/\libhal_bsp.a(alt_main.o)
                0x0000000000034d24                alt_argc
                0x0000000000034d28                alt_argv
                0x0000000000034d2c                alt_envp
 .sbss          0x0000000000034d30        0x8 ../Garfield_bsp/\libhal_bsp.a(alt_tick.o)
                0x0000000000034d30                _alt_tick_rate
                0x0000000000034d34                _alt_nticks
 *(.sbss2 .sbss2.* .gnu.linkonce.sb2.*)
 *(.scommon)
                [!provide]                        PROVIDE (__sbss_end, ABSOLUTE (.))
                [!provide]                        PROVIDE (___sbss_end, ABSOLUTE (.))
 *(.dynbss)
 *(.bss .bss.* .gnu.linkonce.b.*)
 .bss           0x0000000000034d38        0x0 ../Garfield_bsp//obj/HAL/src/crt0.o
 .bss           0x0000000000034d38        0x0 obj/default/hello_world.o
 .bss           0x0000000000034d38        0x0 obj/default/os/Source/croutine.o
 .bss           0x0000000000034d38        0x0 obj/default/os/Source/event_groups.o
 .bss           0x0000000000034d38     0x4000 obj/default/os/Source/heap_1.o
 .bss           0x0000000000038d38        0x0 obj/default/os/Source/list.o
 .bss           0x0000000000038d38        0x0 obj/default/os/Source/portable/port.o
 .bss           0x0000000000038d38        0x0 obj/default/os/Source/queue.o
 .bss           0x0000000000038d38       0xb4 obj/default/os/Source/tasks.o
 .bss           0x0000000000038dec        0x0 obj/default/os/Source/timers.o
 .bss           0x0000000000038dec        0x0 obj/default/ARM_NIOS/alf_sharedmemory.o
 .bss           0x0000000000038dec       0x20 obj/default/ARM_NIOS_HQ/alf_data_info.o
                0x0000000000038dec                global_drive_info
 .bss           0x0000000000038e0c        0x0 obj/default/driver/Display.o
 .bss           0x0000000000038e0c        0x0 obj/default/driver/Drive.o
 .bss           0x0000000000038e0c        0x0 obj/default/driver/Steering.o
 .bss           0x0000000000038e0c        0x0 obj/default/driver/mpu6050.o
 .bss           0x0000000000038e0c        0x0 obj/default/driver/ultrasonic.o
 .bss           0x0000000000038e0c        0x0 obj/default/os/main.o
 .bss           0x0000000000038e0c       0xe4 obj/default/tasks/tasks_nios.o
                0x0000000000038e0c                sharedMem
 .bss           0x0000000000038ef0        0x0 obj/default/os/Source/portable/port_asm.o
 .bss           0x0000000000038ef0        0x0 c:/intelfpga_lite/16.1/nios2eds/bin/gnu/h-x86_64-mingw32/bin/../lib/gcc/nios2-elf/5.3.0\libgcc.a(_fixunssfsi.o)
 .bss           0x0000000000038ef0        0x0 c:/intelfpga_lite/16.1/nios2eds/bin/gnu/h-x86_64-mingw32/bin/../lib/gcc/nios2-elf/5.3.0\libgcc.a(_fixunsdfsi.o)
 .bss           0x0000000000038ef0        0x0 c:/intelfpga_lite/16.1/nios2eds/bin/gnu/h-x86_64-mingw32/bin/../lib/gcc/nios2-elf/5.3.0\libgcc.a(lib2-divmod.o)
 .bss           0x0000000000038ef0        0x0 c:/intelfpga_lite/16.1/nios2eds/bin/gnu/h-x86_64-mingw32/bin/../lib/gcc/nios2-elf/5.3.0\libgcc.a(divsf3.o)
 .bss           0x0000000000038ef0        0x0 c:/intelfpga_lite/16.1/nios2eds/bin/gnu/h-x86_64-mingw32/bin/../lib/gcc/nios2-elf/5.3.0\libgcc.a(gesf2.o)
 .bss           0x0000000000038ef0        0x0 c:/intelfpga_lite/16.1/nios2eds/bin/gnu/h-x86_64-mingw32/bin/../lib/gcc/nios2-elf/5.3.0\libgcc.a(mulsf3.o)
 .bss           0x0000000000038ef0        0x0 c:/intelfpga_lite/16.1/nios2eds/bin/gnu/h-x86_64-mingw32/bin/../lib/gcc/nios2-elf/5.3.0\libgcc.a(subsf3.o)
 .bss           0x0000000000038ef0        0x0 c:/intelfpga_lite/16.1/nios2eds/bin/gnu/h-x86_64-mingw32/bin/../lib/gcc/nios2-elf/5.3.0\libgcc.a(fixsfsi.o)
 .bss           0x0000000000038ef0        0x0 c:/intelfpga_lite/16.1/nios2eds/bin/gnu/h-x86_64-mingw32/bin/../lib/gcc/nios2-elf/5.3.0\libgcc.a(floatsisf.o)
 .bss           0x0000000000038ef0        0x0 c:/intelfpga_lite/16.1/nios2eds/bin/gnu/h-x86_64-mingw32/bin/../lib/gcc/nios2-elf/5.3.0\libgcc.a(floatunsisf.o)
 .bss           0x0000000000038ef0        0x0 c:/intelfpga_lite/16.1/nios2eds/bin/gnu/h-x86_64-mingw32/bin/../lib/gcc/nios2-elf/5.3.0\libgcc.a(adddf3.o)
 .bss           0x0000000000038ef0        0x0 c:/intelfpga_lite/16.1/nios2eds/bin/gnu/h-x86_64-mingw32/bin/../lib/gcc/nios2-elf/5.3.0\libgcc.a(divdf3.o)
 .bss           0x0000000000038ef0        0x0 c:/intelfpga_lite/16.1/nios2eds/bin/gnu/h-x86_64-mingw32/bin/../lib/gcc/nios2-elf/5.3.0\libgcc.a(gedf2.o)
 .bss           0x0000000000038ef0        0x0 c:/intelfpga_lite/16.1/nios2eds/bin/gnu/h-x86_64-mingw32/bin/../lib/gcc/nios2-elf/5.3.0\libgcc.a(muldf3.o)
 .bss           0x0000000000038ef0        0x0 c:/intelfpga_lite/16.1/nios2eds/bin/gnu/h-x86_64-mingw32/bin/../lib/gcc/nios2-elf/5.3.0\libgcc.a(subdf3.o)
 .bss           0x0000000000038ef0        0x0 c:/intelfpga_lite/16.1/nios2eds/bin/gnu/h-x86_64-mingw32/bin/../lib/gcc/nios2-elf/5.3.0\libgcc.a(fixdfsi.o)
 .bss           0x0000000000038ef0        0x0 c:/intelfpga_lite/16.1/nios2eds/bin/gnu/h-x86_64-mingw32/bin/../lib/gcc/nios2-elf/5.3.0\libgcc.a(floatsidf.o)
 .bss           0x0000000000038ef0        0x0 c:/intelfpga_lite/16.1/nios2eds/bin/gnu/h-x86_64-mingw32/bin/../lib/gcc/nios2-elf/5.3.0\libgcc.a(floatunsidf.o)
 .bss           0x0000000000038ef0        0x0 c:/intelfpga_lite/16.1/nios2eds/bin/gnu/h-x86_64-mingw32/bin/../lib/gcc/nios2-elf/5.3.0\libgcc.a(extendsfdf2.o)
 .bss           0x0000000000038ef0        0x0 c:/intelfpga_lite/16.1/nios2eds/bin/gnu/h-x86_64-mingw32/bin/../lib/gcc/nios2-elf/5.3.0\libgcc.a(truncdfsf2.o)
 .bss           0x0000000000038ef0        0x0 c:/intelfpga_lite/16.1/nios2eds/bin/gnu/h-x86_64-mingw32/bin/../lib/gcc/nios2-elf/5.3.0\libgcc.a(_clzsi2.o)
 .bss           0x0000000000038ef0        0x0 c:/intelfpga_lite/16.1/nios2eds/bin/gnu/h-x86_64-mingw32/bin/../lib/gcc/nios2-elf/5.3.0\libgcc.a(_clz.o)
 .bss           0x0000000000038ef0        0x0 c:/intelfpga_lite/16.1/nios2eds/bin/gnu/h-x86_64-mingw32/bin/../lib/gcc/nios2-elf/5.3.0/../../../../../H-x86_64-mingw32/nios2-elf/lib\libc.a(lib_a-memcpy.o)
 .bss           0x0000000000038ef0        0x0 c:/intelfpga_lite/16.1/nios2eds/bin/gnu/h-x86_64-mingw32/bin/../lib/gcc/nios2-elf/5.3.0/../../../../../H-x86_64-mingw32/nios2-elf/lib\libc.a(lib_a-memset.o)
 .bss           0x0000000000038ef0        0x0 c:/intelfpga_lite/16.1/nios2eds/bin/gnu/h-x86_64-mingw32/bin/../lib/gcc/nios2-elf/5.3.0/../../../../../H-x86_64-mingw32/nios2-elf/lib\libc.a(lib_a-puts.o)
 .bss           0x0000000000038ef0        0x0 c:/intelfpga_lite/16.1/nios2eds/bin/gnu/h-x86_64-mingw32/bin/../lib/gcc/nios2-elf/5.3.0/../../../../../H-x86_64-mingw32/nios2-elf/lib\libc.a(lib_a-strlen.o)
 .bss           0x0000000000038ef0        0x0 c:/intelfpga_lite/16.1/nios2eds/bin/gnu/h-x86_64-mingw32/bin/../lib/gcc/nios2-elf/5.3.0/../../../../../H-x86_64-mingw32/nios2-elf/lib\libc.a(lib_a-findfp.o)
 .bss           0x0000000000038ef0        0x0 c:/intelfpga_lite/16.1/nios2eds/bin/gnu/h-x86_64-mingw32/bin/../lib/gcc/nios2-elf/5.3.0/../../../../../H-x86_64-mingw32/nios2-elf/lib\libc.a(lib_a-fvwrite.o)
 .bss           0x0000000000038ef0        0x0 c:/intelfpga_lite/16.1/nios2eds/bin/gnu/h-x86_64-mingw32/bin/../lib/gcc/nios2-elf/5.3.0/../../../../../H-x86_64-mingw32/nios2-elf/lib\libc.a(lib_a-fwalk.o)
 .bss           0x0000000000038ef0        0x0 c:/intelfpga_lite/16.1/nios2eds/bin/gnu/h-x86_64-mingw32/bin/../lib/gcc/nios2-elf/5.3.0/../../../../../H-x86_64-mingw32/nios2-elf/lib\libc.a(lib_a-impure.o)
 .bss           0x0000000000038ef0        0x0 c:/intelfpga_lite/16.1/nios2eds/bin/gnu/h-x86_64-mingw32/bin/../lib/gcc/nios2-elf/5.3.0/../../../../../H-x86_64-mingw32/nios2-elf/lib\libc.a(lib_a-mallocr.o)
 .bss.__malloc_current_mallinfo
                0x0000000000038ef0       0x28 c:/intelfpga_lite/16.1/nios2eds/bin/gnu/h-x86_64-mingw32/bin/../lib/gcc/nios2-elf/5.3.0/../../../../../H-x86_64-mingw32/nios2-elf/lib\libc.a(lib_a-mallocr.o)
                0x0000000000038ef0                __malloc_current_mallinfo
 .bss           0x0000000000038f18        0x0 c:/intelfpga_lite/16.1/nios2eds/bin/gnu/h-x86_64-mingw32/bin/../lib/gcc/nios2-elf/5.3.0/../../../../../H-x86_64-mingw32/nios2-elf/lib\libc.a(lib_a-memchr.o)
 .bss           0x0000000000038f18        0x0 c:/intelfpga_lite/16.1/nios2eds/bin/gnu/h-x86_64-mingw32/bin/../lib/gcc/nios2-elf/5.3.0/../../../../../H-x86_64-mingw32/nios2-elf/lib\libc.a(lib_a-memmove.o)
 .bss           0x0000000000038f18        0x0 c:/intelfpga_lite/16.1/nios2eds/bin/gnu/h-x86_64-mingw32/bin/../lib/gcc/nios2-elf/5.3.0/../../../../../H-x86_64-mingw32/nios2-elf/lib\libc.a(lib_a-reallocr.o)
 .bss           0x0000000000038f18        0x0 c:/intelfpga_lite/16.1/nios2eds/bin/gnu/h-x86_64-mingw32/bin/../lib/gcc/nios2-elf/5.3.0/../../../../../H-x86_64-mingw32/nios2-elf/lib\libc.a(lib_a-sbrkr.o)
 .bss           0x0000000000038f18        0x0 c:/intelfpga_lite/16.1/nios2eds/bin/gnu/h-x86_64-mingw32/bin/../lib/gcc/nios2-elf/5.3.0/../../../../../H-x86_64-mingw32/nios2-elf/lib\libc.a(lib_a-stdio.o)
 .bss           0x0000000000038f18        0x0 c:/intelfpga_lite/16.1/nios2eds/bin/gnu/h-x86_64-mingw32/bin/../lib/gcc/nios2-elf/5.3.0/../../../../../H-x86_64-mingw32/nios2-elf/lib\libc.a(lib_a-writer.o)
 .bss           0x0000000000038f18        0x0 c:/intelfpga_lite/16.1/nios2eds/bin/gnu/h-x86_64-mingw32/bin/../lib/gcc/nios2-elf/5.3.0/../../../../../H-x86_64-mingw32/nios2-elf/lib\libc.a(lib_a-wsetup.o)
 .bss           0x0000000000038f18        0x0 c:/intelfpga_lite/16.1/nios2eds/bin/gnu/h-x86_64-mingw32/bin/../lib/gcc/nios2-elf/5.3.0/../../../../../H-x86_64-mingw32/nios2-elf/lib\libc.a(closer.o)
 .bss           0x0000000000038f18        0x0 c:/intelfpga_lite/16.1/nios2eds/bin/gnu/h-x86_64-mingw32/bin/../lib/gcc/nios2-elf/5.3.0/../../../../../H-x86_64-mingw32/nios2-elf/lib\libc.a(lib_a-fclose.o)
 .bss           0x0000000000038f18        0x0 c:/intelfpga_lite/16.1/nios2eds/bin/gnu/h-x86_64-mingw32/bin/../lib/gcc/nios2-elf/5.3.0/../../../../../H-x86_64-mingw32/nios2-elf/lib\libc.a(lib_a-fflush.o)
 .bss           0x0000000000038f18        0x0 c:/intelfpga_lite/16.1/nios2eds/bin/gnu/h-x86_64-mingw32/bin/../lib/gcc/nios2-elf/5.3.0/../../../../../H-x86_64-mingw32/nios2-elf/lib\libc.a(lib_a-freer.o)
 .bss           0x0000000000038f18        0x0 c:/intelfpga_lite/16.1/nios2eds/bin/gnu/h-x86_64-mingw32/bin/../lib/gcc/nios2-elf/5.3.0/../../../../../H-x86_64-mingw32/nios2-elf/lib\libc.a(lib_a-int_errno.o)
 .bss           0x0000000000038f18        0x0 c:/intelfpga_lite/16.1/nios2eds/bin/gnu/h-x86_64-mingw32/bin/../lib/gcc/nios2-elf/5.3.0/../../../../../H-x86_64-mingw32/nios2-elf/lib\libc.a(lib_a-lseekr.o)
 .bss           0x0000000000038f18        0x0 c:/intelfpga_lite/16.1/nios2eds/bin/gnu/h-x86_64-mingw32/bin/../lib/gcc/nios2-elf/5.3.0/../../../../../H-x86_64-mingw32/nios2-elf/lib\libc.a(lib_a-makebuf.o)
 .bss           0x0000000000038f18        0x0 c:/intelfpga_lite/16.1/nios2eds/bin/gnu/h-x86_64-mingw32/bin/../lib/gcc/nios2-elf/5.3.0/../../../../../H-x86_64-mingw32/nios2-elf/lib\libc.a(lib_a-readr.o)
 .bss           0x0000000000038f18        0x0 c:/intelfpga_lite/16.1/nios2eds/bin/gnu/h-x86_64-mingw32/bin/../lib/gcc/nios2-elf/5.3.0/../../../../../H-x86_64-mingw32/nios2-elf/lib\libc.a(lib_a-fstatr.o)